// Jest Snapshot v1, https://goo.gl/fbAQLP

exports[`error field tests should show error 1`] = `
<DocumentFragment>
  .emotion-0 {
  position: relative;
}

.emotion-0 .field-error-msg {
  color: red;
}

@media screen and (min-width: 480px) {
  .emotion-0 .field-error-msg {
    position: absolute;
  }
}

<div
    class="emotion-0 emotion-1"
  >
    <span
      class="field-error-msg"
      role="alert"
    >
      something went wrong
    </span>
  </div>
</DocumentFragment>
`;
