// Jest Snapshot v1, https://goo.gl/fbAQLP

exports[`FieldCellSize tests should render cell size input 1`] = `
<DocumentFragment>
  <div
    class="css-w6s8l8-FormField eybdsu10"
  >
    <label
      class="css-m0dhjx-LabelField e1gymppe0"
      for="cell-size"
    >
      Размер ячейки:
    </label>
    <input
      autocomplete="off"
      class="css-iol0j7-InputField e15roiqv0"
      id="cell-size"
      name="cellSize"
      pattern="[0-9]*"
      step="1"
      type="number"
      value="40"
    />
  </div>
</DocumentFragment>
`;
