// Jest Snapshot v1, https://goo.gl/fbAQLP

exports[`FieldCellSize tests should render cell size input 1`] = `
<DocumentFragment>
  <div
    class="css-mkf0o6"
  >
    <label
      class="css-1wnvjz2"
      for="cell-size"
    >
      Размер ячейки:
    </label>
    <input
      autocomplete="off"
      class="css-16tc96n"
      id="cell-size"
      name="cellSize"
      pattern="[0-9]*"
      step="1"
      type="number"
      value="40"
    />
  </div>
</DocumentFragment>
`;
