// Jest Snapshot v1, https://goo.gl/fbAQLP

exports[`GameFieldContainer tests should correctly render field and form 1`] = `
<DocumentFragment>
  <div
    class="css-1oskuwq"
  >
    <div
      class="css-1f4my3a"
      data-testid="field"
    >
      <div
        class="css-qehpeh"
        data-testid="cell"
        size="30"
      >
        1
      </div>
      <div
        class="css-qehpeh"
        data-testid="cell"
        size="30"
      >
        2
      </div>
      <div
        class="css-qehpeh"
        data-testid="cell"
        size="30"
      >
        3
      </div>
      <div
        class="css-qehpeh"
        data-testid="cell"
        size="30"
      >
        4
      </div>
      <div
        class="css-qehpeh"
        data-testid="cell"
        size="30"
      >
        5
      </div>
      <div
        class="css-qehpeh"
        data-testid="cell"
        size="30"
      >
        6
      </div>
      <div
        class="css-qehpeh"
        data-testid="cell"
        size="30"
      >
        7
      </div>
      <div
        class="css-qehpeh"
        data-testid="cell"
        size="30"
      >
        8
      </div>
      <div
        class="css-qehpeh"
        data-testid="cell"
        size="30"
      >
        9
      </div>
      <div
        class="css-qehpeh"
        data-testid="cell"
        size="30"
      >
        10
      </div>
      <div
        class="css-qehpeh"
        data-testid="cell"
        size="30"
      >
        11
      </div>
      <div
        class="css-qehpeh"
        data-testid="cell"
        size="30"
      >
        12
      </div>
      <div
        class="css-qehpeh"
        data-testid="cell"
        size="30"
      >
        13
      </div>
      <div
        class="css-qehpeh"
        data-testid="cell"
        size="30"
      >
        14
      </div>
      <div
        class="css-qehpeh"
        data-testid="cell"
        size="30"
      >
        15
      </div>
      <div
        class="css-qehpeh"
        data-testid="cell"
        size="30"
      >
        16
      </div>
      <div
        class="css-qehpeh"
        data-testid="cell"
        size="30"
      >
        17
      </div>
      <div
        class="css-qehpeh"
        data-testid="cell"
        size="30"
      >
        18
      </div>
      <div
        class="css-qehpeh"
        data-testid="cell"
        size="30"
      >
        19
      </div>
      <div
        class="css-qehpeh"
        data-testid="cell"
        size="30"
      >
        20
      </div>
      <div
        class="css-qehpeh"
        data-testid="cell"
        size="30"
      >
        21
      </div>
      <div
        class="css-qehpeh"
        data-testid="cell"
        size="30"
      >
        22
      </div>
      <div
        class="css-qehpeh"
        data-testid="cell"
        size="30"
      >
        23
      </div>
      <div
        class="css-qehpeh"
        data-testid="cell"
        size="30"
      >
        24
      </div>
      <div
        class="css-qehpeh"
        data-testid="cell"
        size="30"
      >
        25
      </div>
      <div
        class="css-qehpeh"
        data-testid="cell"
        size="30"
      >
        26
      </div>
      <div
        class="css-qehpeh"
        data-testid="cell"
        size="30"
      >
        27
      </div>
      <div
        class="css-qehpeh"
        data-testid="cell"
        size="30"
      >
        28
      </div>
      <div
        class="css-qehpeh"
        data-testid="cell"
        size="30"
      >
        29
      </div>
      <div
        class="css-qehpeh"
        data-testid="cell"
        size="30"
      >
        30
      </div>
      <div
        class="css-qehpeh"
        data-testid="cell"
        size="30"
      >
        31
      </div>
      <div
        class="css-qehpeh"
        data-testid="cell"
        size="30"
      >
        32
      </div>
      <div
        class="css-qehpeh"
        data-testid="cell"
        size="30"
      >
        33
      </div>
      <div
        class="css-qehpeh"
        data-testid="cell"
        size="30"
      >
        34
      </div>
      <div
        class="css-qehpeh"
        data-testid="cell"
        size="30"
      >
        35
      </div>
      <div
        class="css-qehpeh"
        data-testid="cell"
        size="30"
      >
        36
      </div>
      <div
        class="css-qehpeh"
        data-testid="cell"
        size="30"
      >
        37
      </div>
      <div
        class="css-qehpeh"
        data-testid="cell"
        size="30"
      >
        38
      </div>
      <div
        class="css-qehpeh"
        data-testid="cell"
        size="30"
      >
        39
      </div>
      <div
        class="css-qehpeh"
        data-testid="cell"
        size="30"
      >
        40
      </div>
      <div
        class="css-qehpeh"
        data-testid="cell"
        size="30"
      >
        41
      </div>
      <div
        class="css-qehpeh"
        data-testid="cell"
        size="30"
      >
        42
      </div>
      <div
        class="css-qehpeh"
        data-testid="cell"
        size="30"
      >
        43
      </div>
      <div
        class="css-qehpeh"
        data-testid="cell"
        size="30"
      >
        44
      </div>
      <div
        class="css-qehpeh"
        data-testid="cell"
        size="30"
      >
        45
      </div>
      <div
        class="css-qehpeh"
        data-testid="cell"
        size="30"
      >
        46
      </div>
      <div
        class="css-qehpeh"
        data-testid="cell"
        size="30"
      >
        47
      </div>
      <div
        class="css-qehpeh"
        data-testid="cell"
        size="30"
      >
        48
      </div>
      <div
        class="css-qehpeh"
        data-testid="cell"
        size="30"
      >
        49
      </div>
      <div
        class="css-qehpeh"
        data-testid="cell"
        size="30"
      >
        50
      </div>
      <div
        class="css-qehpeh"
        data-testid="cell"
        size="30"
      >
        51
      </div>
      <div
        class="css-qehpeh"
        data-testid="cell"
        size="30"
      >
        52
      </div>
      <div
        class="css-qehpeh"
        data-testid="cell"
        size="30"
      >
        53
      </div>
      <div
        class="css-qehpeh"
        data-testid="cell"
        size="30"
      >
        54
      </div>
      <div
        class="css-qehpeh"
        data-testid="cell"
        size="30"
      >
        55
      </div>
      <div
        class="css-qehpeh"
        data-testid="cell"
        size="30"
      >
        56
      </div>
      <div
        class="css-qehpeh"
        data-testid="cell"
        size="30"
      >
        57
      </div>
      <div
        class="css-qehpeh"
        data-testid="cell"
        size="30"
      >
        58
      </div>
      <div
        class="css-qehpeh"
        data-testid="cell"
        size="30"
      >
        59
      </div>
      <div
        class="css-qehpeh"
        data-testid="cell"
        size="30"
      >
        60
      </div>
      <div
        class="css-qehpeh"
        data-testid="cell"
        size="30"
      >
        61
      </div>
      <div
        class="css-qehpeh"
        data-testid="cell"
        size="30"
      >
        62
      </div>
      <div
        class="css-qehpeh"
        data-testid="cell"
        size="30"
      >
        63
      </div>
      <div
        class="css-qehpeh"
        data-testid="cell"
        size="30"
      >
        64
      </div>
      <div
        class="css-qehpeh"
        data-testid="cell"
        size="30"
      >
        65
      </div>
      <div
        class="css-qehpeh"
        data-testid="cell"
        size="30"
      >
        66
      </div>
      <div
        class="css-qehpeh"
        data-testid="cell"
        size="30"
      >
        67
      </div>
      <div
        class="css-qehpeh"
        data-testid="cell"
        size="30"
      >
        68
      </div>
      <div
        class="css-qehpeh"
        data-testid="cell"
        size="30"
      >
        69
      </div>
      <div
        class="css-qehpeh"
        data-testid="cell"
        size="30"
      >
        70
      </div>
      <div
        class="css-qehpeh"
        data-testid="cell"
        size="30"
      >
        71
      </div>
      <div
        class="css-qehpeh"
        data-testid="cell"
        size="30"
      >
        72
      </div>
      <div
        class="css-qehpeh"
        data-testid="cell"
        size="30"
      >
        73
      </div>
      <div
        class="css-qehpeh"
        data-testid="cell"
        size="30"
      >
        74
      </div>
      <div
        class="css-qehpeh"
        data-testid="cell"
        size="30"
      >
        75
      </div>
      <div
        class="css-qehpeh"
        data-testid="cell"
        size="30"
      >
        76
      </div>
      <div
        class="css-qehpeh"
        data-testid="cell"
        size="30"
      >
        77
      </div>
      <div
        class="css-qehpeh"
        data-testid="cell"
        size="30"
      >
        78
      </div>
      <div
        class="css-qehpeh"
        data-testid="cell"
        size="30"
      >
        79
      </div>
      <div
        class="css-qehpeh"
        data-testid="cell"
        size="30"
      >
        80
      </div>
      <div
        class="css-qehpeh"
        data-testid="cell"
        size="30"
      >
        81
      </div>
      <div
        class="css-qehpeh"
        data-testid="cell"
        size="30"
      >
        82
      </div>
      <div
        class="css-qehpeh"
        data-testid="cell"
        size="30"
      >
        83
      </div>
      <div
        class="css-qehpeh"
        data-testid="cell"
        size="30"
      >
        84
      </div>
      <div
        class="css-qehpeh"
        data-testid="cell"
        size="30"
      >
        85
      </div>
      <div
        class="css-qehpeh"
        data-testid="cell"
        size="30"
      >
        86
      </div>
      <div
        class="css-qehpeh"
        data-testid="cell"
        size="30"
      >
        87
      </div>
      <div
        class="css-qehpeh"
        data-testid="cell"
        size="30"
      >
        88
      </div>
      <div
        class="css-qehpeh"
        data-testid="cell"
        size="30"
      >
        89
      </div>
      <div
        class="css-qehpeh"
        data-testid="cell"
        size="30"
      >
        90
      </div>
      <div
        class="css-qehpeh"
        data-testid="cell"
        size="30"
      >
        91
      </div>
      <div
        class="css-qehpeh"
        data-testid="cell"
        size="30"
      >
        92
      </div>
      <div
        class="css-qehpeh"
        data-testid="cell"
        size="30"
      >
        93
      </div>
      <div
        class="css-qehpeh"
        data-testid="cell"
        size="30"
      >
        94
      </div>
      <div
        class="css-qehpeh"
        data-testid="cell"
        size="30"
      >
        95
      </div>
      <div
        class="css-qehpeh"
        data-testid="cell"
        size="30"
      >
        96
      </div>
      <div
        class="css-qehpeh"
        data-testid="cell"
        size="30"
      >
        97
      </div>
      <div
        class="css-qehpeh"
        data-testid="cell"
        size="30"
      >
        98
      </div>
      <div
        class="css-qehpeh"
        data-testid="cell"
        size="30"
      >
        99
      </div>
      <div
        class="css-qehpeh"
        data-testid="cell"
        size="30"
      >
        100
      </div>
      <div
        class="css-qehpeh"
        data-testid="cell"
        size="30"
      >
        101
      </div>
      <div
        class="css-qehpeh"
        data-testid="cell"
        size="30"
      >
        102
      </div>
      <div
        class="css-qehpeh"
        data-testid="cell"
        size="30"
      >
        103
      </div>
      <div
        class="css-qehpeh"
        data-testid="cell"
        size="30"
      >
        104
      </div>
      <div
        class="css-qehpeh"
        data-testid="cell"
        size="30"
      >
        105
      </div>
      <div
        class="css-qehpeh"
        data-testid="cell"
        size="30"
      >
        106
      </div>
      <div
        class="css-qehpeh"
        data-testid="cell"
        size="30"
      >
        107
      </div>
      <div
        class="css-qehpeh"
        data-testid="cell"
        size="30"
      >
        108
      </div>
      <div
        class="css-qehpeh"
        data-testid="cell"
        size="30"
      >
        109
      </div>
      <div
        class="css-qehpeh"
        data-testid="cell"
        size="30"
      >
        110
      </div>
      <div
        class="css-qehpeh"
        data-testid="cell"
        size="30"
      >
        111
      </div>
      <div
        class="css-qehpeh"
        data-testid="cell"
        size="30"
      >
        112
      </div>
      <div
        class="css-qehpeh"
        data-testid="cell"
        size="30"
      >
        113
      </div>
      <div
        class="css-qehpeh"
        data-testid="cell"
        size="30"
      >
        114
      </div>
      <div
        class="css-qehpeh"
        data-testid="cell"
        size="30"
      >
        115
      </div>
      <div
        class="css-qehpeh"
        data-testid="cell"
        size="30"
      >
        116
      </div>
      <div
        class="css-qehpeh"
        data-testid="cell"
        size="30"
      >
        117
      </div>
      <div
        class="css-qehpeh"
        data-testid="cell"
        size="30"
      >
        118
      </div>
      <div
        class="css-qehpeh"
        data-testid="cell"
        size="30"
      >
        119
      </div>
      <div
        class="css-qehpeh"
        data-testid="cell"
        size="30"
      >
        120
      </div>
      <div
        class="css-qehpeh"
        data-testid="cell"
        size="30"
      >
        121
      </div>
      <div
        class="css-qehpeh"
        data-testid="cell"
        size="30"
      >
        122
      </div>
      <div
        class="css-qehpeh"
        data-testid="cell"
        size="30"
      >
        123
      </div>
      <div
        class="css-qehpeh"
        data-testid="cell"
        size="30"
      >
        124
      </div>
      <div
        class="css-qehpeh"
        data-testid="cell"
        size="30"
      >
        125
      </div>
      <div
        class="css-qehpeh"
        data-testid="cell"
        size="30"
      >
        126
      </div>
      <div
        class="css-qehpeh"
        data-testid="cell"
        size="30"
      >
        127
      </div>
      <div
        class="css-qehpeh"
        data-testid="cell"
        size="30"
      >
        128
      </div>
      <div
        class="css-qehpeh"
        data-testid="cell"
        size="30"
      >
        129
      </div>
      <div
        class="css-qehpeh"
        data-testid="cell"
        size="30"
      >
        130
      </div>
      <div
        class="css-qehpeh"
        data-testid="cell"
        size="30"
      >
        131
      </div>
      <div
        class="css-qehpeh"
        data-testid="cell"
        size="30"
      >
        132
      </div>
      <div
        class="css-qehpeh"
        data-testid="cell"
        size="30"
      >
        133
      </div>
      <div
        class="css-qehpeh"
        data-testid="cell"
        size="30"
      >
        134
      </div>
      <div
        class="css-qehpeh"
        data-testid="cell"
        size="30"
      >
        135
      </div>
      <div
        class="css-qehpeh"
        data-testid="cell"
        size="30"
      >
        136
      </div>
      <div
        class="css-qehpeh"
        data-testid="cell"
        size="30"
      >
        137
      </div>
      <div
        class="css-qehpeh"
        data-testid="cell"
        size="30"
      >
        138
      </div>
      <div
        class="css-qehpeh"
        data-testid="cell"
        size="30"
      >
        139
      </div>
      <div
        class="css-qehpeh"
        data-testid="cell"
        size="30"
      >
        140
      </div>
      <div
        class="css-qehpeh"
        data-testid="cell"
        size="30"
      >
        141
      </div>
      <div
        class="css-qehpeh"
        data-testid="cell"
        size="30"
      >
        142
      </div>
      <div
        class="css-qehpeh"
        data-testid="cell"
        size="30"
      >
        143
      </div>
      <div
        class="css-qehpeh"
        data-testid="cell"
        size="30"
      >
        144
      </div>
      <div
        class="css-qehpeh"
        data-testid="cell"
        size="30"
      >
        145
      </div>
      <div
        class="css-qehpeh"
        data-testid="cell"
        size="30"
      >
        146
      </div>
      <div
        class="css-qehpeh"
        data-testid="cell"
        size="30"
      >
        147
      </div>
      <div
        class="css-qehpeh"
        data-testid="cell"
        size="30"
      >
        148
      </div>
      <div
        class="css-qehpeh"
        data-testid="cell"
        size="30"
      >
        149
      </div>
      <div
        class="css-qehpeh"
        data-testid="cell"
        size="30"
      >
        150
      </div>
      <div
        class="css-qehpeh"
        data-testid="cell"
        size="30"
      >
        151
      </div>
      <div
        class="css-qehpeh"
        data-testid="cell"
        size="30"
      >
        152
      </div>
      <div
        class="css-qehpeh"
        data-testid="cell"
        size="30"
      >
        153
      </div>
      <div
        class="css-qehpeh"
        data-testid="cell"
        size="30"
      >
        154
      </div>
      <div
        class="css-qehpeh"
        data-testid="cell"
        size="30"
      >
        155
      </div>
      <div
        class="css-qehpeh"
        data-testid="cell"
        size="30"
      >
        156
      </div>
      <div
        class="css-qehpeh"
        data-testid="cell"
        size="30"
      >
        157
      </div>
      <div
        class="css-qehpeh"
        data-testid="cell"
        size="30"
      >
        158
      </div>
      <div
        class="css-qehpeh"
        data-testid="cell"
        size="30"
      >
        159
      </div>
      <div
        class="css-qehpeh"
        data-testid="cell"
        size="30"
      >
        160
      </div>
      <div
        class="css-qehpeh"
        data-testid="cell"
        size="30"
      >
        161
      </div>
      <div
        class="css-qehpeh"
        data-testid="cell"
        size="30"
      >
        162
      </div>
      <div
        class="css-qehpeh"
        data-testid="cell"
        size="30"
      >
        163
      </div>
      <div
        class="css-qehpeh"
        data-testid="cell"
        size="30"
      >
        164
      </div>
      <div
        class="css-qehpeh"
        data-testid="cell"
        size="30"
      >
        165
      </div>
      <div
        class="css-qehpeh"
        data-testid="cell"
        size="30"
      >
        166
      </div>
      <div
        class="css-qehpeh"
        data-testid="cell"
        size="30"
      >
        167
      </div>
      <div
        class="css-qehpeh"
        data-testid="cell"
        size="30"
      >
        168
      </div>
      <div
        class="css-qehpeh"
        data-testid="cell"
        size="30"
      >
        169
      </div>
      <div
        class="css-qehpeh"
        data-testid="cell"
        size="30"
      >
        170
      </div>
      <div
        class="css-qehpeh"
        data-testid="cell"
        size="30"
      >
        171
      </div>
      <div
        class="css-qehpeh"
        data-testid="cell"
        size="30"
      >
        172
      </div>
      <div
        class="css-qehpeh"
        data-testid="cell"
        size="30"
      >
        173
      </div>
      <div
        class="css-qehpeh"
        data-testid="cell"
        size="30"
      >
        174
      </div>
      <div
        class="css-qehpeh"
        data-testid="cell"
        size="30"
      >
        175
      </div>
      <div
        class="css-qehpeh"
        data-testid="cell"
        size="30"
      >
        176
      </div>
      <div
        class="css-qehpeh"
        data-testid="cell"
        size="30"
      >
        177
      </div>
      <div
        class="css-qehpeh"
        data-testid="cell"
        size="30"
      >
        178
      </div>
      <div
        class="css-qehpeh"
        data-testid="cell"
        size="30"
      >
        179
      </div>
      <div
        class="css-qehpeh"
        data-testid="cell"
        size="30"
      >
        180
      </div>
      <div
        class="css-qehpeh"
        data-testid="cell"
        size="30"
      >
        181
      </div>
      <div
        class="css-qehpeh"
        data-testid="cell"
        size="30"
      >
        182
      </div>
      <div
        class="css-qehpeh"
        data-testid="cell"
        size="30"
      >
        183
      </div>
      <div
        class="css-qehpeh"
        data-testid="cell"
        size="30"
      >
        184
      </div>
      <div
        class="css-qehpeh"
        data-testid="cell"
        size="30"
      >
        185
      </div>
      <div
        class="css-qehpeh"
        data-testid="cell"
        size="30"
      >
        186
      </div>
      <div
        class="css-qehpeh"
        data-testid="cell"
        size="30"
      >
        187
      </div>
      <div
        class="css-qehpeh"
        data-testid="cell"
        size="30"
      >
        188
      </div>
      <div
        class="css-qehpeh"
        data-testid="cell"
        size="30"
      >
        189
      </div>
      <div
        class="css-qehpeh"
        data-testid="cell"
        size="30"
      >
        190
      </div>
      <div
        class="css-qehpeh"
        data-testid="cell"
        size="30"
      >
        191
      </div>
      <div
        class="css-qehpeh"
        data-testid="cell"
        size="30"
      >
        192
      </div>
      <div
        class="css-qehpeh"
        data-testid="cell"
        size="30"
      >
        193
      </div>
      <div
        class="css-qehpeh"
        data-testid="cell"
        size="30"
      >
        194
      </div>
      <div
        class="css-qehpeh"
        data-testid="cell"
        size="30"
      >
        195
      </div>
      <div
        class="css-qehpeh"
        data-testid="cell"
        size="30"
      >
        196
      </div>
      <div
        class="css-qehpeh"
        data-testid="cell"
        size="30"
      >
        197
      </div>
      <div
        class="css-qehpeh"
        data-testid="cell"
        size="30"
      >
        198
      </div>
      <div
        class="css-qehpeh"
        data-testid="cell"
        size="30"
      >
        199
      </div>
      <div
        class="css-qehpeh"
        data-testid="cell"
        size="30"
      >
        200
      </div>
      <div
        class="css-qehpeh"
        data-testid="cell"
        size="30"
      >
        201
      </div>
      <div
        class="css-qehpeh"
        data-testid="cell"
        size="30"
      >
        202
      </div>
      <div
        class="css-qehpeh"
        data-testid="cell"
        size="30"
      >
        203
      </div>
      <div
        class="css-qehpeh"
        data-testid="cell"
        size="30"
      >
        204
      </div>
      <div
        class="css-qehpeh"
        data-testid="cell"
        size="30"
      >
        205
      </div>
      <div
        class="css-qehpeh"
        data-testid="cell"
        size="30"
      >
        206
      </div>
      <div
        class="css-qehpeh"
        data-testid="cell"
        size="30"
      >
        207
      </div>
      <div
        class="css-qehpeh"
        data-testid="cell"
        size="30"
      >
        208
      </div>
      <div
        class="css-qehpeh"
        data-testid="cell"
        size="30"
      >
        209
      </div>
      <div
        class="css-qehpeh"
        data-testid="cell"
        size="30"
      >
        210
      </div>
      <div
        class="css-qehpeh"
        data-testid="cell"
        size="30"
      >
        211
      </div>
      <div
        class="css-qehpeh"
        data-testid="cell"
        size="30"
      >
        212
      </div>
      <div
        class="css-qehpeh"
        data-testid="cell"
        size="30"
      >
        213
      </div>
      <div
        class="css-qehpeh"
        data-testid="cell"
        size="30"
      >
        214
      </div>
      <div
        class="css-qehpeh"
        data-testid="cell"
        size="30"
      >
        215
      </div>
      <div
        class="css-qehpeh"
        data-testid="cell"
        size="30"
      >
        216
      </div>
      <div
        class="css-qehpeh"
        data-testid="cell"
        size="30"
      >
        217
      </div>
      <div
        class="css-qehpeh"
        data-testid="cell"
        size="30"
      >
        218
      </div>
      <div
        class="css-qehpeh"
        data-testid="cell"
        size="30"
      >
        219
      </div>
      <div
        class="css-qehpeh"
        data-testid="cell"
        size="30"
      >
        220
      </div>
      <div
        class="css-qehpeh"
        data-testid="cell"
        size="30"
      >
        221
      </div>
      <div
        class="css-qehpeh"
        data-testid="cell"
        size="30"
      >
        222
      </div>
      <div
        class="css-qehpeh"
        data-testid="cell"
        size="30"
      >
        223
      </div>
      <div
        class="css-qehpeh"
        data-testid="cell"
        size="30"
      >
        224
      </div>
      <div
        class="css-qehpeh"
        data-testid="cell"
        size="30"
      >
        225
      </div>
      <div
        class="css-qehpeh"
        data-testid="cell"
        size="30"
      >
        226
      </div>
      <div
        class="css-qehpeh"
        data-testid="cell"
        size="30"
      >
        227
      </div>
      <div
        class="css-qehpeh"
        data-testid="cell"
        size="30"
      >
        228
      </div>
      <div
        class="css-qehpeh"
        data-testid="cell"
        size="30"
      >
        229
      </div>
      <div
        class="css-qehpeh"
        data-testid="cell"
        size="30"
      >
        230
      </div>
      <div
        class="css-qehpeh"
        data-testid="cell"
        size="30"
      >
        231
      </div>
      <div
        class="css-qehpeh"
        data-testid="cell"
        size="30"
      >
        232
      </div>
      <div
        class="css-qehpeh"
        data-testid="cell"
        size="30"
      >
        233
      </div>
      <div
        class="css-qehpeh"
        data-testid="cell"
        size="30"
      >
        234
      </div>
      <div
        class="css-qehpeh"
        data-testid="cell"
        size="30"
      >
        235
      </div>
      <div
        class="css-qehpeh"
        data-testid="cell"
        size="30"
      >
        236
      </div>
      <div
        class="css-qehpeh"
        data-testid="cell"
        size="30"
      >
        237
      </div>
      <div
        class="css-qehpeh"
        data-testid="cell"
        size="30"
      >
        238
      </div>
      <div
        class="css-qehpeh"
        data-testid="cell"
        size="30"
      >
        239
      </div>
      <div
        class="css-qehpeh"
        data-testid="cell"
        size="30"
      >
        240
      </div>
      <div
        class="css-qehpeh"
        data-testid="cell"
        size="30"
      >
        241
      </div>
      <div
        class="css-qehpeh"
        data-testid="cell"
        size="30"
      >
        242
      </div>
      <div
        class="css-qehpeh"
        data-testid="cell"
        size="30"
      >
        243
      </div>
      <div
        class="css-qehpeh"
        data-testid="cell"
        size="30"
      >
        244
      </div>
      <div
        class="css-qehpeh"
        data-testid="cell"
        size="30"
      >
        245
      </div>
      <div
        class="css-qehpeh"
        data-testid="cell"
        size="30"
      >
        246
      </div>
      <div
        class="css-qehpeh"
        data-testid="cell"
        size="30"
      >
        247
      </div>
      <div
        class="css-qehpeh"
        data-testid="cell"
        size="30"
      >
        248
      </div>
      <div
        class="css-qehpeh"
        data-testid="cell"
        size="30"
      >
        249
      </div>
      <div
        class="css-qehpeh"
        data-testid="cell"
        size="30"
      >
        250
      </div>
      <div
        class="css-qehpeh"
        data-testid="cell"
        size="30"
      >
        251
      </div>
      <div
        class="css-qehpeh"
        data-testid="cell"
        size="30"
      >
        252
      </div>
      <div
        class="css-qehpeh"
        data-testid="cell"
        size="30"
      >
        253
      </div>
      <div
        class="css-qehpeh"
        data-testid="cell"
        size="30"
      >
        254
      </div>
      <div
        class="css-qehpeh"
        data-testid="cell"
        size="30"
      >
        255
      </div>
      <div
        class="css-qehpeh"
        data-testid="cell"
        size="30"
      >
        256
      </div>
      <div
        class="css-qehpeh"
        data-testid="cell"
        size="30"
      >
        257
      </div>
      <div
        class="css-qehpeh"
        data-testid="cell"
        size="30"
      >
        258
      </div>
      <div
        class="css-qehpeh"
        data-testid="cell"
        size="30"
      >
        259
      </div>
      <div
        class="css-qehpeh"
        data-testid="cell"
        size="30"
      >
        260
      </div>
      <div
        class="css-qehpeh"
        data-testid="cell"
        size="30"
      >
        261
      </div>
      <div
        class="css-qehpeh"
        data-testid="cell"
        size="30"
      >
        262
      </div>
      <div
        class="css-qehpeh"
        data-testid="cell"
        size="30"
      >
        263
      </div>
      <div
        class="css-qehpeh"
        data-testid="cell"
        size="30"
      >
        264
      </div>
      <div
        class="css-qehpeh"
        data-testid="cell"
        size="30"
      >
        265
      </div>
      <div
        class="css-qehpeh"
        data-testid="cell"
        size="30"
      >
        266
      </div>
      <div
        class="css-qehpeh"
        data-testid="cell"
        size="30"
      >
        267
      </div>
      <div
        class="css-qehpeh"
        data-testid="cell"
        size="30"
      >
        268
      </div>
      <div
        class="css-qehpeh"
        data-testid="cell"
        size="30"
      >
        269
      </div>
      <div
        class="css-qehpeh"
        data-testid="cell"
        size="30"
      >
        270
      </div>
      <div
        class="css-qehpeh"
        data-testid="cell"
        size="30"
      >
        271
      </div>
      <div
        class="css-qehpeh"
        data-testid="cell"
        size="30"
      >
        272
      </div>
      <div
        class="css-qehpeh"
        data-testid="cell"
        size="30"
      >
        273
      </div>
      <div
        class="css-qehpeh"
        data-testid="cell"
        size="30"
      >
        274
      </div>
      <div
        class="css-qehpeh"
        data-testid="cell"
        size="30"
      >
        275
      </div>
      <div
        class="css-qehpeh"
        data-testid="cell"
        size="30"
      >
        276
      </div>
      <div
        class="css-qehpeh"
        data-testid="cell"
        size="30"
      >
        277
      </div>
      <div
        class="css-qehpeh"
        data-testid="cell"
        size="30"
      >
        278
      </div>
      <div
        class="css-qehpeh"
        data-testid="cell"
        size="30"
      >
        279
      </div>
      <div
        class="css-qehpeh"
        data-testid="cell"
        size="30"
      >
        280
      </div>
      <div
        class="css-qehpeh"
        data-testid="cell"
        size="30"
      >
        281
      </div>
      <div
        class="css-qehpeh"
        data-testid="cell"
        size="30"
      >
        282
      </div>
      <div
        class="css-qehpeh"
        data-testid="cell"
        size="30"
      >
        283
      </div>
      <div
        class="css-qehpeh"
        data-testid="cell"
        size="30"
      >
        284
      </div>
      <div
        class="css-qehpeh"
        data-testid="cell"
        size="30"
      >
        285
      </div>
      <div
        class="css-qehpeh"
        data-testid="cell"
        size="30"
      >
        286
      </div>
      <div
        class="css-qehpeh"
        data-testid="cell"
        size="30"
      >
        287
      </div>
      <div
        class="css-qehpeh"
        data-testid="cell"
        size="30"
      >
        288
      </div>
      <div
        class="css-qehpeh"
        data-testid="cell"
        size="30"
      >
        289
      </div>
      <div
        class="css-qehpeh"
        data-testid="cell"
        size="30"
      >
        290
      </div>
      <div
        class="css-qehpeh"
        data-testid="cell"
        size="30"
      >
        291
      </div>
      <div
        class="css-qehpeh"
        data-testid="cell"
        size="30"
      >
        292
      </div>
      <div
        class="css-qehpeh"
        data-testid="cell"
        size="30"
      >
        293
      </div>
      <div
        class="css-qehpeh"
        data-testid="cell"
        size="30"
      >
        294
      </div>
      <div
        class="css-qehpeh"
        data-testid="cell"
        size="30"
      >
        295
      </div>
      <div
        class="css-qehpeh"
        data-testid="cell"
        size="30"
      >
        296
      </div>
      <div
        class="css-qehpeh"
        data-testid="cell"
        size="30"
      >
        297
      </div>
      <div
        class="css-qehpeh"
        data-testid="cell"
        size="30"
      >
        298
      </div>
      <div
        class="css-qehpeh"
        data-testid="cell"
        size="30"
      >
        299
      </div>
      <div
        class="css-qehpeh"
        data-testid="cell"
        size="30"
      >
        300
      </div>
      <div
        class="css-qehpeh"
        data-testid="cell"
        size="30"
      >
        301
      </div>
      <div
        class="css-qehpeh"
        data-testid="cell"
        size="30"
      >
        302
      </div>
      <div
        class="css-qehpeh"
        data-testid="cell"
        size="30"
      >
        303
      </div>
      <div
        class="css-qehpeh"
        data-testid="cell"
        size="30"
      >
        304
      </div>
      <div
        class="css-qehpeh"
        data-testid="cell"
        size="30"
      >
        305
      </div>
      <div
        class="css-qehpeh"
        data-testid="cell"
        size="30"
      >
        306
      </div>
      <div
        class="css-qehpeh"
        data-testid="cell"
        size="30"
      >
        307
      </div>
      <div
        class="css-qehpeh"
        data-testid="cell"
        size="30"
      >
        308
      </div>
      <div
        class="css-qehpeh"
        data-testid="cell"
        size="30"
      >
        309
      </div>
      <div
        class="css-qehpeh"
        data-testid="cell"
        size="30"
      >
        310
      </div>
      <div
        class="css-qehpeh"
        data-testid="cell"
        size="30"
      >
        311
      </div>
      <div
        class="css-qehpeh"
        data-testid="cell"
        size="30"
      >
        312
      </div>
      <div
        class="css-qehpeh"
        data-testid="cell"
        size="30"
      >
        313
      </div>
      <div
        class="css-qehpeh"
        data-testid="cell"
        size="30"
      >
        314
      </div>
      <div
        class="css-qehpeh"
        data-testid="cell"
        size="30"
      >
        315
      </div>
      <div
        class="css-qehpeh"
        data-testid="cell"
        size="30"
      >
        316
      </div>
      <div
        class="css-qehpeh"
        data-testid="cell"
        size="30"
      >
        317
      </div>
      <div
        class="css-qehpeh"
        data-testid="cell"
        size="30"
      >
        318
      </div>
      <div
        class="css-qehpeh"
        data-testid="cell"
        size="30"
      >
        319
      </div>
      <div
        class="css-qehpeh"
        data-testid="cell"
        size="30"
      >
        320
      </div>
      <div
        class="css-qehpeh"
        data-testid="cell"
        size="30"
      >
        321
      </div>
      <div
        class="css-qehpeh"
        data-testid="cell"
        size="30"
      >
        322
      </div>
      <div
        class="css-qehpeh"
        data-testid="cell"
        size="30"
      >
        323
      </div>
      <div
        class="css-qehpeh"
        data-testid="cell"
        size="30"
      >
        324
      </div>
      <div
        class="css-qehpeh"
        data-testid="cell"
        size="30"
      >
        325
      </div>
      <div
        class="css-qehpeh"
        data-testid="cell"
        size="30"
      >
        326
      </div>
      <div
        class="css-qehpeh"
        data-testid="cell"
        size="30"
      >
        327
      </div>
      <div
        class="css-qehpeh"
        data-testid="cell"
        size="30"
      >
        328
      </div>
      <div
        class="css-qehpeh"
        data-testid="cell"
        size="30"
      >
        329
      </div>
      <div
        class="css-qehpeh"
        data-testid="cell"
        size="30"
      >
        330
      </div>
      <div
        class="css-qehpeh"
        data-testid="cell"
        size="30"
      >
        331
      </div>
      <div
        class="css-qehpeh"
        data-testid="cell"
        size="30"
      >
        332
      </div>
      <div
        class="css-qehpeh"
        data-testid="cell"
        size="30"
      >
        333
      </div>
      <div
        class="css-qehpeh"
        data-testid="cell"
        size="30"
      >
        334
      </div>
      <div
        class="css-qehpeh"
        data-testid="cell"
        size="30"
      >
        335
      </div>
      <div
        class="css-qehpeh"
        data-testid="cell"
        size="30"
      >
        336
      </div>
      <div
        class="css-qehpeh"
        data-testid="cell"
        size="30"
      >
        337
      </div>
      <div
        class="css-qehpeh"
        data-testid="cell"
        size="30"
      >
        338
      </div>
    </div>
    <div
      class="css-14zx4vh"
    >
      <form
        class="css-1lv538n-PlayerContainer"
      >
        <div
          class="css-gvhoyb-PlayerContainer"
        >
          <p
            class="player-name"
          />
          <div
            class="player-stats"
          >
            <p>
              Cтатистика
            </p>
            <ul>
              <li>
                Очки: 25
              </li>
              <li>
                Количество кликов: 34
              </li>
            </ul>
          </div>
          <button
            class="css-1lmxtj9-PlayerContainer"
            type="button"
          >
            Выйти
          </button>
        </div>
      </form>
      <form
        class="css-8f5e31"
        data-testid="field-form"
      >
        <input
          autocomplete="off"
          hidden=""
        />
        <div
          class="css-1i5r8zv"
        >
          <div
            class="css-mkf0o6"
          >
            <label
              class="css-1wnvjz2"
              for="field-width"
            >
              Макс. ширина:
            </label>
            <input
              autocomplete="off"
              class="css-16tc96n"
              id="field-width"
              name="fieldWidth"
              pattern="([0-9]*[.])?[0-9]+"
              step="1"
              type="number"
              value="800"
            />
          </div>
          <div
            class="css-mkf0o6"
          >
            <label
              class="css-1wnvjz2"
              for="field-height"
            >
              Макс. высота:
            </label>
            <input
              autocomplete="off"
              class="css-16tc96n"
              id="field-height"
              name="fieldHeight"
              pattern="([0-9]*[.])?[0-9]+"
              step="1"
              type="number"
              value="400"
            />
          </div>
          <div
            class="css-mkf0o6"
          >
            <label
              class="css-1wnvjz2"
              for="cell-size"
            >
              Размер ячейки:
            </label>
            <input
              autocomplete="off"
              class="css-16tc96n"
              id="cell-size"
              name="cellSize"
              pattern="[0-9]*"
              step="1"
              type="number"
              value="30"
            />
          </div>
          <div
            class="css-mkf0o6"
          >
            <label
              class="css-1wnvjz2"
              for="capacity-percentage"
            >
              Процент заполненности:
            </label>
            <p>
              50 %
            </p>
            <input
              autocomplete="off"
              class="css-s9p6fx"
              id="capacity-percentage"
              max="100"
              min="0"
              name="capacityPercentage"
              step="1"
              type="range"
              value="50"
            />
          </div>
          <div
            class="css-mkf0o6"
          >
            <label
              class="css-1wnvjz2"
              for="speed-change"
            >
              Обновлений в секунду:
            </label>
            <input
              autocomplete="off"
              class="css-16tc96n"
              id="speed-change"
              name="speedChange"
              pattern="([0-9]*[.])?[0-9]+"
              step="0.1"
              type="number"
              value="1"
            />
          </div>
        </div>
        <div
          class="css-1i5r8zv"
        >
          <div
            class="css-mkf0o6"
          >
            <div
              class="css-7kp13n"
            >
              <button
                class="css-1eqjh9"
                name="startButton"
                type="button"
              >
                Старт
              </button>
            </div>
          </div>
          <div
            class="css-mkf0o6"
          >
            <div
              class="css-7kp13n"
            >
              <button
                class="css-1eqjh9"
                name="stopButton"
                type="button"
              >
                Стоп
              </button>
            </div>
          </div>
          <div
            class="css-mkf0o6"
          >
            <div
              class="css-7kp13n"
            >
              <button
                class="css-1eqjh9"
                name="resetButton"
                type="reset"
              >
                Сброс
              </button>
            </div>
          </div>
        </div>
      </form>
    </div>
  </div>
</DocumentFragment>
`;
