// Jest Snapshot v1, https://goo.gl/fbAQLP

exports[`FieldContainer tests should correctly render field and form 1`] = `
<DocumentFragment>
  <div
    class="css-1oskuwq"
  >
    <div
      class="css-1ru2519"
      data-testid="field"
    >
      <div
        class="css-11pa12e"
        data-testid="cell"
        size="30"
      />
      <div
        class="css-11pa12e"
        data-testid="cell"
        size="30"
      />
      <div
        class="css-11pa12e"
        data-testid="cell"
        size="30"
      />
      <div
        class="css-11pa12e"
        data-testid="cell"
        size="30"
      />
      <div
        class="css-11pa12e"
        data-testid="cell"
        size="30"
      />
      <div
        class="css-11pa12e"
        data-testid="cell"
        size="30"
      />
      <div
        class="css-11pa12e"
        data-testid="cell"
        size="30"
      />
      <div
        class="css-11pa12e"
        data-testid="cell"
        size="30"
      />
      <div
        class="css-11pa12e"
        data-testid="cell"
        size="30"
      />
      <div
        class="css-11pa12e"
        data-testid="cell"
        size="30"
      />
      <div
        class="css-11pa12e"
        data-testid="cell"
        size="30"
      />
      <div
        class="css-11pa12e"
        data-testid="cell"
        size="30"
      />
      <div
        class="css-11pa12e"
        data-testid="cell"
        size="30"
      />
      <div
        class="css-11pa12e"
        data-testid="cell"
        size="30"
      />
      <div
        class="css-11pa12e"
        data-testid="cell"
        size="30"
      />
      <div
        class="css-11pa12e"
        data-testid="cell"
        size="30"
      />
      <div
        class="css-11pa12e"
        data-testid="cell"
        size="30"
      />
      <div
        class="css-11pa12e"
        data-testid="cell"
        size="30"
      />
      <div
        class="css-11pa12e"
        data-testid="cell"
        size="30"
      />
      <div
        class="css-11pa12e"
        data-testid="cell"
        size="30"
      />
      <div
        class="css-11pa12e"
        data-testid="cell"
        size="30"
      />
      <div
        class="css-11pa12e"
        data-testid="cell"
        size="30"
      />
      <div
        class="css-11pa12e"
        data-testid="cell"
        size="30"
      />
      <div
        class="css-11pa12e"
        data-testid="cell"
        size="30"
      />
      <div
        class="css-11pa12e"
        data-testid="cell"
        size="30"
      />
      <div
        class="css-11pa12e"
        data-testid="cell"
        size="30"
      />
      <div
        class="css-11pa12e"
        data-testid="cell"
        size="30"
      />
      <div
        class="css-11pa12e"
        data-testid="cell"
        size="30"
      />
      <div
        class="css-11pa12e"
        data-testid="cell"
        size="30"
      />
      <div
        class="css-11pa12e"
        data-testid="cell"
        size="30"
      />
      <div
        class="css-11pa12e"
        data-testid="cell"
        size="30"
      />
      <div
        class="css-11pa12e"
        data-testid="cell"
        size="30"
      />
      <div
        class="css-11pa12e"
        data-testid="cell"
        size="30"
      />
      <div
        class="css-11pa12e"
        data-testid="cell"
        size="30"
      />
      <div
        class="css-11pa12e"
        data-testid="cell"
        size="30"
      />
      <div
        class="css-11pa12e"
        data-testid="cell"
        size="30"
      />
      <div
        class="css-11pa12e"
        data-testid="cell"
        size="30"
      />
      <div
        class="css-11pa12e"
        data-testid="cell"
        size="30"
      />
      <div
        class="css-11pa12e"
        data-testid="cell"
        size="30"
      />
      <div
        class="css-11pa12e"
        data-testid="cell"
        size="30"
      />
      <div
        class="css-11pa12e"
        data-testid="cell"
        size="30"
      />
      <div
        class="css-11pa12e"
        data-testid="cell"
        size="30"
      />
      <div
        class="css-11pa12e"
        data-testid="cell"
        size="30"
      />
      <div
        class="css-11pa12e"
        data-testid="cell"
        size="30"
      />
      <div
        class="css-11pa12e"
        data-testid="cell"
        size="30"
      />
      <div
        class="css-11pa12e"
        data-testid="cell"
        size="30"
      />
      <div
        class="css-11pa12e"
        data-testid="cell"
        size="30"
      />
      <div
        class="css-11pa12e"
        data-testid="cell"
        size="30"
      />
      <div
        class="css-11pa12e"
        data-testid="cell"
        size="30"
      />
      <div
        class="css-11pa12e"
        data-testid="cell"
        size="30"
      />
      <div
        class="css-11pa12e"
        data-testid="cell"
        size="30"
      />
      <div
        class="css-11pa12e"
        data-testid="cell"
        size="30"
      />
      <div
        class="css-11pa12e"
        data-testid="cell"
        size="30"
      />
      <div
        class="css-11pa12e"
        data-testid="cell"
        size="30"
      />
      <div
        class="css-11pa12e"
        data-testid="cell"
        size="30"
      />
      <div
        class="css-11pa12e"
        data-testid="cell"
        size="30"
      />
      <div
        class="css-11pa12e"
        data-testid="cell"
        size="30"
      />
      <div
        class="css-11pa12e"
        data-testid="cell"
        size="30"
      />
      <div
        class="css-11pa12e"
        data-testid="cell"
        size="30"
      />
      <div
        class="css-11pa12e"
        data-testid="cell"
        size="30"
      />
      <div
        class="css-11pa12e"
        data-testid="cell"
        size="30"
      />
      <div
        class="css-11pa12e"
        data-testid="cell"
        size="30"
      />
      <div
        class="css-11pa12e"
        data-testid="cell"
        size="30"
      />
      <div
        class="css-11pa12e"
        data-testid="cell"
        size="30"
      />
      <div
        class="css-11pa12e"
        data-testid="cell"
        size="30"
      />
      <div
        class="css-11pa12e"
        data-testid="cell"
        size="30"
      />
      <div
        class="css-11pa12e"
        data-testid="cell"
        size="30"
      />
      <div
        class="css-11pa12e"
        data-testid="cell"
        size="30"
      />
      <div
        class="css-11pa12e"
        data-testid="cell"
        size="30"
      />
      <div
        class="css-11pa12e"
        data-testid="cell"
        size="30"
      />
      <div
        class="css-11pa12e"
        data-testid="cell"
        size="30"
      />
      <div
        class="css-11pa12e"
        data-testid="cell"
        size="30"
      />
      <div
        class="css-11pa12e"
        data-testid="cell"
        size="30"
      />
      <div
        class="css-11pa12e"
        data-testid="cell"
        size="30"
      />
      <div
        class="css-11pa12e"
        data-testid="cell"
        size="30"
      />
      <div
        class="css-11pa12e"
        data-testid="cell"
        size="30"
      />
      <div
        class="css-11pa12e"
        data-testid="cell"
        size="30"
      />
      <div
        class="css-11pa12e"
        data-testid="cell"
        size="30"
      />
      <div
        class="css-11pa12e"
        data-testid="cell"
        size="30"
      />
      <div
        class="css-11pa12e"
        data-testid="cell"
        size="30"
      />
      <div
        class="css-11pa12e"
        data-testid="cell"
        size="30"
      />
      <div
        class="css-11pa12e"
        data-testid="cell"
        size="30"
      />
      <div
        class="css-11pa12e"
        data-testid="cell"
        size="30"
      />
      <div
        class="css-11pa12e"
        data-testid="cell"
        size="30"
      />
      <div
        class="css-11pa12e"
        data-testid="cell"
        size="30"
      />
      <div
        class="css-11pa12e"
        data-testid="cell"
        size="30"
      />
      <div
        class="css-11pa12e"
        data-testid="cell"
        size="30"
      />
      <div
        class="css-11pa12e"
        data-testid="cell"
        size="30"
      />
      <div
        class="css-11pa12e"
        data-testid="cell"
        size="30"
      />
      <div
        class="css-11pa12e"
        data-testid="cell"
        size="30"
      />
      <div
        class="css-11pa12e"
        data-testid="cell"
        size="30"
      />
      <div
        class="css-11pa12e"
        data-testid="cell"
        size="30"
      />
      <div
        class="css-11pa12e"
        data-testid="cell"
        size="30"
      />
      <div
        class="css-11pa12e"
        data-testid="cell"
        size="30"
      />
      <div
        class="css-11pa12e"
        data-testid="cell"
        size="30"
      />
      <div
        class="css-11pa12e"
        data-testid="cell"
        size="30"
      />
      <div
        class="css-11pa12e"
        data-testid="cell"
        size="30"
      />
      <div
        class="css-11pa12e"
        data-testid="cell"
        size="30"
      />
      <div
        class="css-11pa12e"
        data-testid="cell"
        size="30"
      />
      <div
        class="css-11pa12e"
        data-testid="cell"
        size="30"
      />
      <div
        class="css-11pa12e"
        data-testid="cell"
        size="30"
      />
      <div
        class="css-11pa12e"
        data-testid="cell"
        size="30"
      />
      <div
        class="css-11pa12e"
        data-testid="cell"
        size="30"
      />
      <div
        class="css-11pa12e"
        data-testid="cell"
        size="30"
      />
      <div
        class="css-11pa12e"
        data-testid="cell"
        size="30"
      />
      <div
        class="css-11pa12e"
        data-testid="cell"
        size="30"
      />
      <div
        class="css-11pa12e"
        data-testid="cell"
        size="30"
      />
      <div
        class="css-11pa12e"
        data-testid="cell"
        size="30"
      />
      <div
        class="css-11pa12e"
        data-testid="cell"
        size="30"
      />
      <div
        class="css-11pa12e"
        data-testid="cell"
        size="30"
      />
      <div
        class="css-11pa12e"
        data-testid="cell"
        size="30"
      />
      <div
        class="css-11pa12e"
        data-testid="cell"
        size="30"
      />
      <div
        class="css-11pa12e"
        data-testid="cell"
        size="30"
      />
      <div
        class="css-11pa12e"
        data-testid="cell"
        size="30"
      />
      <div
        class="css-11pa12e"
        data-testid="cell"
        size="30"
      />
      <div
        class="css-11pa12e"
        data-testid="cell"
        size="30"
      />
      <div
        class="css-11pa12e"
        data-testid="cell"
        size="30"
      />
      <div
        class="css-11pa12e"
        data-testid="cell"
        size="30"
      />
      <div
        class="css-11pa12e"
        data-testid="cell"
        size="30"
      />
      <div
        class="css-11pa12e"
        data-testid="cell"
        size="30"
      />
      <div
        class="css-11pa12e"
        data-testid="cell"
        size="30"
      />
      <div
        class="css-11pa12e"
        data-testid="cell"
        size="30"
      />
      <div
        class="css-11pa12e"
        data-testid="cell"
        size="30"
      />
      <div
        class="css-11pa12e"
        data-testid="cell"
        size="30"
      />
      <div
        class="css-11pa12e"
        data-testid="cell"
        size="30"
      />
      <div
        class="css-11pa12e"
        data-testid="cell"
        size="30"
      />
      <div
        class="css-11pa12e"
        data-testid="cell"
        size="30"
      />
      <div
        class="css-11pa12e"
        data-testid="cell"
        size="30"
      />
      <div
        class="css-11pa12e"
        data-testid="cell"
        size="30"
      />
      <div
        class="css-11pa12e"
        data-testid="cell"
        size="30"
      />
      <div
        class="css-11pa12e"
        data-testid="cell"
        size="30"
      />
      <div
        class="css-11pa12e"
        data-testid="cell"
        size="30"
      />
      <div
        class="css-11pa12e"
        data-testid="cell"
        size="30"
      />
      <div
        class="css-11pa12e"
        data-testid="cell"
        size="30"
      />
      <div
        class="css-11pa12e"
        data-testid="cell"
        size="30"
      />
      <div
        class="css-11pa12e"
        data-testid="cell"
        size="30"
      />
      <div
        class="css-11pa12e"
        data-testid="cell"
        size="30"
      />
      <div
        class="css-11pa12e"
        data-testid="cell"
        size="30"
      />
      <div
        class="css-11pa12e"
        data-testid="cell"
        size="30"
      />
      <div
        class="css-11pa12e"
        data-testid="cell"
        size="30"
      />
      <div
        class="css-11pa12e"
        data-testid="cell"
        size="30"
      />
      <div
        class="css-11pa12e"
        data-testid="cell"
        size="30"
      />
      <div
        class="css-11pa12e"
        data-testid="cell"
        size="30"
      />
      <div
        class="css-11pa12e"
        data-testid="cell"
        size="30"
      />
      <div
        class="css-11pa12e"
        data-testid="cell"
        size="30"
      />
      <div
        class="css-11pa12e"
        data-testid="cell"
        size="30"
      />
      <div
        class="css-11pa12e"
        data-testid="cell"
        size="30"
      />
      <div
        class="css-11pa12e"
        data-testid="cell"
        size="30"
      />
      <div
        class="css-11pa12e"
        data-testid="cell"
        size="30"
      />
      <div
        class="css-11pa12e"
        data-testid="cell"
        size="30"
      />
      <div
        class="css-11pa12e"
        data-testid="cell"
        size="30"
      />
      <div
        class="css-11pa12e"
        data-testid="cell"
        size="30"
      />
      <div
        class="css-11pa12e"
        data-testid="cell"
        size="30"
      />
      <div
        class="css-11pa12e"
        data-testid="cell"
        size="30"
      />
      <div
        class="css-11pa12e"
        data-testid="cell"
        size="30"
      />
      <div
        class="css-11pa12e"
        data-testid="cell"
        size="30"
      />
      <div
        class="css-11pa12e"
        data-testid="cell"
        size="30"
      />
      <div
        class="css-11pa12e"
        data-testid="cell"
        size="30"
      />
      <div
        class="css-11pa12e"
        data-testid="cell"
        size="30"
      />
      <div
        class="css-11pa12e"
        data-testid="cell"
        size="30"
      />
      <div
        class="css-11pa12e"
        data-testid="cell"
        size="30"
      />
      <div
        class="css-11pa12e"
        data-testid="cell"
        size="30"
      />
      <div
        class="css-11pa12e"
        data-testid="cell"
        size="30"
      />
      <div
        class="css-11pa12e"
        data-testid="cell"
        size="30"
      />
      <div
        class="css-11pa12e"
        data-testid="cell"
        size="30"
      />
      <div
        class="css-11pa12e"
        data-testid="cell"
        size="30"
      />
      <div
        class="css-11pa12e"
        data-testid="cell"
        size="30"
      />
      <div
        class="css-11pa12e"
        data-testid="cell"
        size="30"
      />
      <div
        class="css-11pa12e"
        data-testid="cell"
        size="30"
      />
      <div
        class="css-11pa12e"
        data-testid="cell"
        size="30"
      />
      <div
        class="css-11pa12e"
        data-testid="cell"
        size="30"
      />
      <div
        class="css-11pa12e"
        data-testid="cell"
        size="30"
      />
      <div
        class="css-11pa12e"
        data-testid="cell"
        size="30"
      />
      <div
        class="css-11pa12e"
        data-testid="cell"
        size="30"
      />
      <div
        class="css-11pa12e"
        data-testid="cell"
        size="30"
      />
      <div
        class="css-11pa12e"
        data-testid="cell"
        size="30"
      />
      <div
        class="css-11pa12e"
        data-testid="cell"
        size="30"
      />
      <div
        class="css-11pa12e"
        data-testid="cell"
        size="30"
      />
      <div
        class="css-11pa12e"
        data-testid="cell"
        size="30"
      />
      <div
        class="css-11pa12e"
        data-testid="cell"
        size="30"
      />
      <div
        class="css-11pa12e"
        data-testid="cell"
        size="30"
      />
      <div
        class="css-11pa12e"
        data-testid="cell"
        size="30"
      />
      <div
        class="css-11pa12e"
        data-testid="cell"
        size="30"
      />
      <div
        class="css-11pa12e"
        data-testid="cell"
        size="30"
      />
      <div
        class="css-11pa12e"
        data-testid="cell"
        size="30"
      />
      <div
        class="css-11pa12e"
        data-testid="cell"
        size="30"
      />
      <div
        class="css-11pa12e"
        data-testid="cell"
        size="30"
      />
      <div
        class="css-11pa12e"
        data-testid="cell"
        size="30"
      />
      <div
        class="css-11pa12e"
        data-testid="cell"
        size="30"
      />
      <div
        class="css-11pa12e"
        data-testid="cell"
        size="30"
      />
      <div
        class="css-11pa12e"
        data-testid="cell"
        size="30"
      />
      <div
        class="css-11pa12e"
        data-testid="cell"
        size="30"
      />
      <div
        class="css-11pa12e"
        data-testid="cell"
        size="30"
      />
      <div
        class="css-11pa12e"
        data-testid="cell"
        size="30"
      />
      <div
        class="css-11pa12e"
        data-testid="cell"
        size="30"
      />
      <div
        class="css-11pa12e"
        data-testid="cell"
        size="30"
      />
      <div
        class="css-11pa12e"
        data-testid="cell"
        size="30"
      />
      <div
        class="css-11pa12e"
        data-testid="cell"
        size="30"
      />
      <div
        class="css-11pa12e"
        data-testid="cell"
        size="30"
      />
      <div
        class="css-11pa12e"
        data-testid="cell"
        size="30"
      />
      <div
        class="css-11pa12e"
        data-testid="cell"
        size="30"
      />
      <div
        class="css-11pa12e"
        data-testid="cell"
        size="30"
      />
      <div
        class="css-11pa12e"
        data-testid="cell"
        size="30"
      />
      <div
        class="css-11pa12e"
        data-testid="cell"
        size="30"
      />
      <div
        class="css-11pa12e"
        data-testid="cell"
        size="30"
      />
      <div
        class="css-11pa12e"
        data-testid="cell"
        size="30"
      />
      <div
        class="css-11pa12e"
        data-testid="cell"
        size="30"
      />
      <div
        class="css-11pa12e"
        data-testid="cell"
        size="30"
      />
      <div
        class="css-11pa12e"
        data-testid="cell"
        size="30"
      />
      <div
        class="css-11pa12e"
        data-testid="cell"
        size="30"
      />
      <div
        class="css-11pa12e"
        data-testid="cell"
        size="30"
      />
      <div
        class="css-11pa12e"
        data-testid="cell"
        size="30"
      />
      <div
        class="css-11pa12e"
        data-testid="cell"
        size="30"
      />
      <div
        class="css-11pa12e"
        data-testid="cell"
        size="30"
      />
      <div
        class="css-11pa12e"
        data-testid="cell"
        size="30"
      />
      <div
        class="css-11pa12e"
        data-testid="cell"
        size="30"
      />
      <div
        class="css-11pa12e"
        data-testid="cell"
        size="30"
      />
      <div
        class="css-11pa12e"
        data-testid="cell"
        size="30"
      />
      <div
        class="css-11pa12e"
        data-testid="cell"
        size="30"
      />
      <div
        class="css-11pa12e"
        data-testid="cell"
        size="30"
      />
      <div
        class="css-11pa12e"
        data-testid="cell"
        size="30"
      />
      <div
        class="css-11pa12e"
        data-testid="cell"
        size="30"
      />
      <div
        class="css-11pa12e"
        data-testid="cell"
        size="30"
      />
      <div
        class="css-11pa12e"
        data-testid="cell"
        size="30"
      />
      <div
        class="css-11pa12e"
        data-testid="cell"
        size="30"
      />
      <div
        class="css-11pa12e"
        data-testid="cell"
        size="30"
      />
      <div
        class="css-11pa12e"
        data-testid="cell"
        size="30"
      />
      <div
        class="css-11pa12e"
        data-testid="cell"
        size="30"
      />
      <div
        class="css-11pa12e"
        data-testid="cell"
        size="30"
      />
      <div
        class="css-11pa12e"
        data-testid="cell"
        size="30"
      />
      <div
        class="css-11pa12e"
        data-testid="cell"
        size="30"
      />
      <div
        class="css-11pa12e"
        data-testid="cell"
        size="30"
      />
      <div
        class="css-11pa12e"
        data-testid="cell"
        size="30"
      />
      <div
        class="css-11pa12e"
        data-testid="cell"
        size="30"
      />
      <div
        class="css-11pa12e"
        data-testid="cell"
        size="30"
      />
      <div
        class="css-11pa12e"
        data-testid="cell"
        size="30"
      />
      <div
        class="css-11pa12e"
        data-testid="cell"
        size="30"
      />
      <div
        class="css-11pa12e"
        data-testid="cell"
        size="30"
      />
      <div
        class="css-11pa12e"
        data-testid="cell"
        size="30"
      />
      <div
        class="css-11pa12e"
        data-testid="cell"
        size="30"
      />
      <div
        class="css-11pa12e"
        data-testid="cell"
        size="30"
      />
      <div
        class="css-11pa12e"
        data-testid="cell"
        size="30"
      />
      <div
        class="css-11pa12e"
        data-testid="cell"
        size="30"
      />
      <div
        class="css-11pa12e"
        data-testid="cell"
        size="30"
      />
      <div
        class="css-11pa12e"
        data-testid="cell"
        size="30"
      />
      <div
        class="css-11pa12e"
        data-testid="cell"
        size="30"
      />
      <div
        class="css-11pa12e"
        data-testid="cell"
        size="30"
      />
      <div
        class="css-11pa12e"
        data-testid="cell"
        size="30"
      />
      <div
        class="css-11pa12e"
        data-testid="cell"
        size="30"
      />
      <div
        class="css-11pa12e"
        data-testid="cell"
        size="30"
      />
      <div
        class="css-11pa12e"
        data-testid="cell"
        size="30"
      />
      <div
        class="css-11pa12e"
        data-testid="cell"
        size="30"
      />
      <div
        class="css-11pa12e"
        data-testid="cell"
        size="30"
      />
      <div
        class="css-11pa12e"
        data-testid="cell"
        size="30"
      />
      <div
        class="css-11pa12e"
        data-testid="cell"
        size="30"
      />
      <div
        class="css-11pa12e"
        data-testid="cell"
        size="30"
      />
      <div
        class="css-11pa12e"
        data-testid="cell"
        size="30"
      />
      <div
        class="css-11pa12e"
        data-testid="cell"
        size="30"
      />
      <div
        class="css-11pa12e"
        data-testid="cell"
        size="30"
      />
      <div
        class="css-11pa12e"
        data-testid="cell"
        size="30"
      />
      <div
        class="css-11pa12e"
        data-testid="cell"
        size="30"
      />
      <div
        class="css-11pa12e"
        data-testid="cell"
        size="30"
      />
      <div
        class="css-11pa12e"
        data-testid="cell"
        size="30"
      />
      <div
        class="css-11pa12e"
        data-testid="cell"
        size="30"
      />
      <div
        class="css-11pa12e"
        data-testid="cell"
        size="30"
      />
      <div
        class="css-11pa12e"
        data-testid="cell"
        size="30"
      />
      <div
        class="css-11pa12e"
        data-testid="cell"
        size="30"
      />
      <div
        class="css-11pa12e"
        data-testid="cell"
        size="30"
      />
      <div
        class="css-11pa12e"
        data-testid="cell"
        size="30"
      />
      <div
        class="css-11pa12e"
        data-testid="cell"
        size="30"
      />
      <div
        class="css-11pa12e"
        data-testid="cell"
        size="30"
      />
      <div
        class="css-11pa12e"
        data-testid="cell"
        size="30"
      />
      <div
        class="css-11pa12e"
        data-testid="cell"
        size="30"
      />
      <div
        class="css-11pa12e"
        data-testid="cell"
        size="30"
      />
      <div
        class="css-11pa12e"
        data-testid="cell"
        size="30"
      />
      <div
        class="css-11pa12e"
        data-testid="cell"
        size="30"
      />
      <div
        class="css-11pa12e"
        data-testid="cell"
        size="30"
      />
      <div
        class="css-11pa12e"
        data-testid="cell"
        size="30"
      />
      <div
        class="css-11pa12e"
        data-testid="cell"
        size="30"
      />
      <div
        class="css-11pa12e"
        data-testid="cell"
        size="30"
      />
      <div
        class="css-11pa12e"
        data-testid="cell"
        size="30"
      />
      <div
        class="css-11pa12e"
        data-testid="cell"
        size="30"
      />
      <div
        class="css-11pa12e"
        data-testid="cell"
        size="30"
      />
      <div
        class="css-11pa12e"
        data-testid="cell"
        size="30"
      />
      <div
        class="css-11pa12e"
        data-testid="cell"
        size="30"
      />
      <div
        class="css-11pa12e"
        data-testid="cell"
        size="30"
      />
      <div
        class="css-11pa12e"
        data-testid="cell"
        size="30"
      />
      <div
        class="css-11pa12e"
        data-testid="cell"
        size="30"
      />
      <div
        class="css-11pa12e"
        data-testid="cell"
        size="30"
      />
      <div
        class="css-11pa12e"
        data-testid="cell"
        size="30"
      />
      <div
        class="css-11pa12e"
        data-testid="cell"
        size="30"
      />
      <div
        class="css-11pa12e"
        data-testid="cell"
        size="30"
      />
      <div
        class="css-11pa12e"
        data-testid="cell"
        size="30"
      />
      <div
        class="css-11pa12e"
        data-testid="cell"
        size="30"
      />
      <div
        class="css-11pa12e"
        data-testid="cell"
        size="30"
      />
      <div
        class="css-11pa12e"
        data-testid="cell"
        size="30"
      />
      <div
        class="css-11pa12e"
        data-testid="cell"
        size="30"
      />
      <div
        class="css-11pa12e"
        data-testid="cell"
        size="30"
      />
      <div
        class="css-11pa12e"
        data-testid="cell"
        size="30"
      />
      <div
        class="css-11pa12e"
        data-testid="cell"
        size="30"
      />
      <div
        class="css-11pa12e"
        data-testid="cell"
        size="30"
      />
      <div
        class="css-11pa12e"
        data-testid="cell"
        size="30"
      />
      <div
        class="css-11pa12e"
        data-testid="cell"
        size="30"
      />
      <div
        class="css-11pa12e"
        data-testid="cell"
        size="30"
      />
      <div
        class="css-11pa12e"
        data-testid="cell"
        size="30"
      />
      <div
        class="css-11pa12e"
        data-testid="cell"
        size="30"
      />
      <div
        class="css-11pa12e"
        data-testid="cell"
        size="30"
      />
      <div
        class="css-11pa12e"
        data-testid="cell"
        size="30"
      />
      <div
        class="css-11pa12e"
        data-testid="cell"
        size="30"
      />
      <div
        class="css-11pa12e"
        data-testid="cell"
        size="30"
      />
      <div
        class="css-11pa12e"
        data-testid="cell"
        size="30"
      />
      <div
        class="css-11pa12e"
        data-testid="cell"
        size="30"
      />
      <div
        class="css-11pa12e"
        data-testid="cell"
        size="30"
      />
      <div
        class="css-11pa12e"
        data-testid="cell"
        size="30"
      />
      <div
        class="css-11pa12e"
        data-testid="cell"
        size="30"
      />
      <div
        class="css-11pa12e"
        data-testid="cell"
        size="30"
      />
      <div
        class="css-11pa12e"
        data-testid="cell"
        size="30"
      />
      <div
        class="css-11pa12e"
        data-testid="cell"
        size="30"
      />
      <div
        class="css-11pa12e"
        data-testid="cell"
        size="30"
      />
      <div
        class="css-11pa12e"
        data-testid="cell"
        size="30"
      />
      <div
        class="css-11pa12e"
        data-testid="cell"
        size="30"
      />
      <div
        class="css-11pa12e"
        data-testid="cell"
        size="30"
      />
      <div
        class="css-11pa12e"
        data-testid="cell"
        size="30"
      />
      <div
        class="css-11pa12e"
        data-testid="cell"
        size="30"
      />
      <div
        class="css-11pa12e"
        data-testid="cell"
        size="30"
      />
      <div
        class="css-11pa12e"
        data-testid="cell"
        size="30"
      />
      <div
        class="css-11pa12e"
        data-testid="cell"
        size="30"
      />
      <div
        class="css-11pa12e"
        data-testid="cell"
        size="30"
      />
      <div
        class="css-11pa12e"
        data-testid="cell"
        size="30"
      />
      <div
        class="css-11pa12e"
        data-testid="cell"
        size="30"
      />
      <div
        class="css-11pa12e"
        data-testid="cell"
        size="30"
      />
      <div
        class="css-11pa12e"
        data-testid="cell"
        size="30"
      />
      <div
        class="css-11pa12e"
        data-testid="cell"
        size="30"
      />
      <div
        class="css-11pa12e"
        data-testid="cell"
        size="30"
      />
      <div
        class="css-11pa12e"
        data-testid="cell"
        size="30"
      />
      <div
        class="css-11pa12e"
        data-testid="cell"
        size="30"
      />
      <div
        class="css-11pa12e"
        data-testid="cell"
        size="30"
      />
      <div
        class="css-11pa12e"
        data-testid="cell"
        size="30"
      />
    </div>
    <form
      class="css-p3c1cq"
      data-testid="interactive-number-drawing-form"
    >
      <label
        class="css-0"
        for="number-input"
      >
        Введите целое число:
      </label>
      <input
        class="css-0"
        id="number-input"
        name="number-input"
        type="text"
        value=""
      />
    </form>
  </div>
</DocumentFragment>
`;
