// Jest Snapshot v1, https://goo.gl/fbAQLP

exports[`Game tests should correctly render field and form 1`] = `
<DocumentFragment>
  .emotion-0 {
  display: -webkit-box;
  display: -webkit-flex;
  display: -ms-flexbox;
  display: flex;
  -webkit-flex-direction: column;
  -ms-flex-direction: column;
  flex-direction: column;
  -webkit-align-items: center;
  -webkit-box-align: center;
  -ms-flex-align: center;
  align-items: center;
  min-height: 100vh;
}

@media screen and (min-width: 1200px) {
  .emotion-0 {
    height: 100vh;
  }
}

@media screen and (min-width: 1200px) {
  .emotion-2 {
    overflow: hidden;
    max-width: 100%;
    height: 50vh;
  }
}

.emotion-4 {
  width: 100px;
  cursor: pointer;
  height: 100px;
  display: -webkit-box;
  display: -webkit-flex;
  display: -ms-flexbox;
  display: flex;
  -webkit-box-flex-wrap: wrap;
  -webkit-flex-wrap: wrap;
  -ms-flex-wrap: wrap;
  flex-wrap: wrap;
  background: rgb(193,184,244);
  margin: 0 auto;
}

.emotion-4 .cell {
  -webkit-transition: 0.5s ease background;
  transition: 0.5s ease background;
  width: 10px;
  height: 10px;
  line-height: 10px;
  text-align: center;
  border: 1px solid #e8d5f0;
}

@media (hover: hover) {
  .emotion-4 .cell:hover {
    background: #E59FB1;
  }
}

.emotion-4 .cell-active {
  background: rgb(144, 131, 230);
}

.emotion-4 .cell-highlight {
  background: #E59FB1;
}

.emotion-6 {
  width: 100%;
  height: 30px;
  cursor: -webkit-grabbing;
  cursor: grabbing;
  -webkit-user-select: none;
  -moz-user-select: none;
  -ms-user-select: none;
  user-select: none;
  overflow: hidden;
  border-top: 2px solid #6a6d75;
}

.emotion-6:hover {
  opacity: 0.7;
}

.emotion-6 .handle-icon {
  display: block;
  background: #6a6d75;
  width: 50px;
  margin: 10px auto 0 auto;
  height: 6px;
  border-radius: 10px;
}

.emotion-8 {
  position: relative;
  display: -webkit-box;
  display: -webkit-flex;
  display: -ms-flexbox;
  display: flex;
  -webkit-align-items: start;
  -webkit-box-align: start;
  -ms-flex-align: start;
  align-items: start;
  -webkit-box-flex-wrap: wrap;
  -webkit-flex-wrap: wrap;
  -ms-flex-wrap: wrap;
  flex-wrap: wrap;
  width: 100%;
  padding: 20px 20px 0 20px;
}

.emotion-8>* {
  margin-bottom: 20px;
}

.emotion-8 .game-settings-form {
  max-width: 480px;
}

@media screen and (min-width: 1200px) {
  .emotion-8 {
    -webkit-box-flex-wrap: nowrap;
    -webkit-flex-wrap: nowrap;
    -ms-flex-wrap: nowrap;
    flex-wrap: nowrap;
    overflow: hidden;
    width: 100%;
    padding-top: 0;
  }
}

.emotion-10 {
  display: -webkit-box;
  display: -webkit-flex;
  display: -ms-flexbox;
  display: flex;
  width: 100%;
  -webkit-box-pack: start;
  -ms-flex-pack: start;
  -webkit-justify-content: flex-start;
  justify-content: flex-start;
}

.emotion-12 {
  display: -webkit-box;
  display: -webkit-flex;
  display: -ms-flexbox;
  display: flex;
  -webkit-flex-direction: column;
  -ms-flex-direction: column;
  flex-direction: column;
  -webkit-box-pack: center;
  -ms-flex-pack: center;
  -webkit-justify-content: center;
  justify-content: center;
  padding: 20px;
  border: 2px solid #6a6d75;
  border-radius: 10px;
  min-width: 0;
}

@media screen and (min-width: 1200px) {
  .emotion-12 {
    min-width: auto;
    width: auto;
  }
}

.emotion-14 {
  font-size: 1.5em;
}

.emotion-16 {
  display: -webkit-box;
  display: -webkit-flex;
  display: -ms-flexbox;
  display: flex;
  -webkit-flex-direction: column;
  -ms-flex-direction: column;
  flex-direction: column;
  border: 2px solid #6a6d75;
  border-radius: 10px;
  width: 100%;
  border: 0;
}

.emotion-16 input,
.emotion-16 label,
.emotion-16 p {
  line-height: 1;
}

.emotion-16.game-settings-form .field-error-msg {
  background: #e8d5f0;
}

.emotion-18 {
  display: -webkit-inline-box;
  display: -webkit-inline-flex;
  display: -ms-inline-flexbox;
  display: inline-flex;
  -webkit-flex-direction: column;
  -ms-flex-direction: column;
  flex-direction: column;
  -webkit-flex: 0 0 calc(100% / 3 - 40px);
  -ms-flex: 0 0 calc(100% / 3 - 40px);
  flex: 0 0 calc(100% / 3 - 40px);
  margin: 20px;
  -webkit-box-pack: end;
  -ms-flex-pack: end;
  -webkit-justify-content: end;
  justify-content: end;
  display: inline-block;
  margin: 0;
}

.emotion-18 input,
.emotion-18 button {
  margin: 5px 0 0 0;
  min-width: 100px;
}

.emotion-18 h1.player-name {
  font-size: 1.2rem;
  font-weight: bold;
  margin: 0;
  border-bottom: 2px solid rgb(255, 33, 92);
}

.emotion-18 div.player-stats-container {
  margin: 20px 0;
}

.emotion-18 li {
  margin: 10px 0 10px 20px;
}

.emotion-20 {
  background: inherit;
  border-color: #6a6d75;
  line-height: 1.5;
  cursor: pointer;
  text-align: center;
}

.emotion-20:focus {
  outline: 2px solid rgb(255, 33, 92)!important;
  border: 2px solid transparent;
}

.emotion-22 {
  display: -webkit-box;
  display: -webkit-flex;
  display: -ms-flexbox;
  display: flex;
  -webkit-flex-direction: column;
  -ms-flex-direction: column;
  flex-direction: column;
  border: 2px solid #6a6d75;
  border-radius: 10px;
  width: 100%;
}

.emotion-22 input,
.emotion-22 label,
.emotion-22 p {
  line-height: 1;
}

.emotion-22.game-settings-form .field-error-msg {
  background: #e8d5f0;
}

.emotion-24 {
  display: -webkit-box;
  display: -webkit-flex;
  display: -ms-flexbox;
  display: flex;
  -webkit-flex-direction: row;
  -ms-flex-direction: row;
  flex-direction: row;
  -webkit-box-flex-wrap: wrap;
  -webkit-flex-wrap: wrap;
  -ms-flex-wrap: wrap;
  flex-wrap: wrap;
}

.emotion-26 {
  display: -webkit-inline-box;
  display: -webkit-inline-flex;
  display: -ms-inline-flexbox;
  display: inline-flex;
  -webkit-flex-direction: column;
  -ms-flex-direction: column;
  flex-direction: column;
  -webkit-flex: 0 0 calc(100% / 3 - 40px);
  -ms-flex: 0 0 calc(100% / 3 - 40px);
  flex: 0 0 calc(100% / 3 - 40px);
  margin: 20px;
  -webkit-box-pack: end;
  -ms-flex-pack: end;
  -webkit-justify-content: end;
  justify-content: end;
}

.emotion-26 input,
.emotion-26 button {
  margin: 5px 0 0 0;
  min-width: 100px;
}

.emotion-28 {
  display: inline;
}

.emotion-30 {
  background: inherit;
  border: 0;
  border-bottom: 2px solid;
  border-color: #6a6d75;
  display: block;
  outline: 0;
  width: 100px;
}

.emotion-30:focus {
  border-bottom: 2px solid rgb(255, 33, 92);
}

.emotion-48 {
  background: inherit;
  border: 0;
  border-bottom: 2px solid;
  border-color: #6a6d75;
  display: block;
  outline: 0;
  width: 100px;
  border: 0;
}

.emotion-48:focus {
  border-bottom: 2px solid rgb(255, 33, 92);
}

.emotion-48:focus {
  border-bottom: 0;
}

.emotion-60 {
  display: inline-block;
}

.emotion-62 {
  background: inherit;
  border-color: #6a6d75;
  line-height: 1.5;
  cursor: pointer;
}

.emotion-62:focus {
  outline: 2px solid rgb(255, 33, 92)!important;
  border: 2px solid transparent;
}

.emotion-82 {
  display: -webkit-box;
  display: -webkit-flex;
  display: -ms-flexbox;
  display: flex;
  width: 100%;
  -webkit-box-pack: start;
  -ms-flex-pack: start;
  -webkit-justify-content: flex-start;
  justify-content: flex-start;
}

@media screen and (min-width: 1200px) {
  .emotion-82 {
    -webkit-box-pack: end;
    -ms-flex-pack: end;
    -webkit-justify-content: flex-end;
    justify-content: flex-end;
  }
}

.emotion-84 {
  display: -webkit-box;
  display: -webkit-flex;
  display: -ms-flexbox;
  display: flex;
  -webkit-flex-direction: column;
  -ms-flex-direction: column;
  flex-direction: column;
  -webkit-box-pack: center;
  -ms-flex-pack: center;
  -webkit-justify-content: center;
  justify-content: center;
  padding: 20px;
  border: 2px solid #6a6d75;
  border-radius: 10px;
  min-width: 0;
}

@media screen and (min-width: 1200px) {
  .emotion-84 {
    min-width: auto;
    width: auto;
  }
}

.emotion-86 {
  display: -webkit-inline-box;
  display: -webkit-inline-flex;
  display: -ms-inline-flexbox;
  display: inline-flex;
  -webkit-flex-direction: column;
  -ms-flex-direction: column;
  flex-direction: column;
  -webkit-align-items: center;
  -webkit-box-align: center;
  -ms-flex-align: center;
  align-items: center;
}

.emotion-88 {
  margin-bottom: 1rem;
  text-align: center;
}

.emotion-90 {
  background: inherit;
  border-color: #6a6d75;
  line-height: 1.5;
  cursor: pointer;
}

.emotion-90:focus {
  outline: 2px solid rgb(255, 33, 92)!important;
  border: 2px solid transparent;
}

.emotion-90::after {
  content: "90°";
  display: block;
  float: left;
  font-size: 0.7rem;
}

.emotion-92 {
  display: block;
  width: 20px;
  height: 20px;
  float: left;
}

.emotion-92 path {
  fill: rgb(255, 33, 92);
}

.emotion-94 {
  display: -webkit-box;
  display: -webkit-flex;
  display: -ms-flexbox;
  display: flex;
  -webkit-align-items: center;
  -webkit-box-align: center;
  -ms-flex-align: center;
  align-items: center;
  -webkit-box-pack: center;
  -ms-flex-pack: center;
  -webkit-justify-content: center;
  justify-content: center;
  max-width: 100%;
}

.emotion-96 {
  width: 1rem;
  cursor: pointer;
  -webkit-flex-shrink: 0;
  -ms-flex-negative: 0;
  flex-shrink: 0;
}

.emotion-96 path {
  fill: #6a6d75;
}

.emotion-98 {
  margin: 1rem 2rem;
  overflow: scroll;
}

@media screen and (min-width: 1200px) {
  .emotion-98 {
    overflow: auto;
  }
}

.emotion-100 {
  width: 60px;
  cursor: pointer;
  height: 60px;
  display: -webkit-box;
  display: -webkit-flex;
  display: -ms-flexbox;
  display: flex;
  -webkit-box-flex-wrap: wrap;
  -webkit-flex-wrap: wrap;
  -ms-flex-wrap: wrap;
  flex-wrap: wrap;
  background: rgb(193,184,244);
  margin: 0 auto;
}

.emotion-100 .cell {
  -webkit-transition: 0.5s ease background;
  transition: 0.5s ease background;
  width: 20px;
  height: 20px;
  line-height: 20px;
  text-align: center;
  border: 1px solid #e8d5f0;
}

@media (hover: hover) {
  .emotion-100 .cell:hover {
    background: #E59FB1;
  }
}

.emotion-100 .cell-active {
  background: rgb(144, 131, 230);
}

.emotion-100 .cell-highlight {
  background: #E59FB1;
}

.emotion-102 {
  width: 1rem;
  cursor: pointer;
  -webkit-flex-shrink: 0;
  -ms-flex-negative: 0;
  flex-shrink: 0;
}

.emotion-102 path {
  fill: rgb(255, 33, 92);
}

.emotion-104 {
  background: inherit;
  border-color: #6a6d75;
  line-height: 1.5;
  cursor: pointer;
}

.emotion-104:focus {
  outline: 2px solid rgb(255, 33, 92)!important;
  border: 2px solid transparent;
}

<div
    class="emotion-0 emotion-1"
  >
    <div
      class="emotion-2 emotion-3"
      data-testid="gameFieldContainer"
    >
      <div
        class="game-field emotion-4 emotion-5"
        data-testid="field"
      >
        <div
          aria-label="1"
          class="cell cell-active"
          data-state="true"
          data-testid="cell"
        />
        <div
          aria-label="2"
          class="cell"
          data-state="false"
          data-testid="cell"
        />
        <div
          aria-label="3"
          class="cell"
          data-state="false"
          data-testid="cell"
        />
        <div
          aria-label="4"
          class="cell"
          data-state="false"
          data-testid="cell"
        />
        <div
          aria-label="5"
          class="cell cell-active"
          data-state="true"
          data-testid="cell"
        />
        <div
          aria-label="6"
          class="cell"
          data-state="false"
          data-testid="cell"
        />
        <div
          aria-label="7"
          class="cell"
          data-state="false"
          data-testid="cell"
        />
        <div
          aria-label="8"
          class="cell"
          data-state="false"
          data-testid="cell"
        />
        <div
          aria-label="9"
          class="cell cell-active"
          data-state="true"
          data-testid="cell"
        />
        <div
          aria-label="10"
          class="cell"
          data-state="false"
          data-testid="cell"
        />
        <div
          aria-label="11"
          class="cell"
          data-state="false"
          data-testid="cell"
        />
        <div
          aria-label="12"
          class="cell cell-active"
          data-state="true"
          data-testid="cell"
        />
        <div
          aria-label="13"
          class="cell"
          data-state="false"
          data-testid="cell"
        />
        <div
          aria-label="14"
          class="cell cell-active"
          data-state="true"
          data-testid="cell"
        />
        <div
          aria-label="15"
          class="cell"
          data-state="false"
          data-testid="cell"
        />
        <div
          aria-label="16"
          class="cell cell-active"
          data-state="true"
          data-testid="cell"
        />
        <div
          aria-label="17"
          class="cell"
          data-state="false"
          data-testid="cell"
        />
        <div
          aria-label="18"
          class="cell cell-active"
          data-state="true"
          data-testid="cell"
        />
        <div
          aria-label="19"
          class="cell"
          data-state="false"
          data-testid="cell"
        />
        <div
          aria-label="20"
          class="cell cell-active"
          data-state="true"
          data-testid="cell"
        />
        <div
          aria-label="21"
          class="cell"
          data-state="false"
          data-testid="cell"
        />
        <div
          aria-label="22"
          class="cell"
          data-state="false"
          data-testid="cell"
        />
        <div
          aria-label="23"
          class="cell cell-active"
          data-state="true"
          data-testid="cell"
        />
        <div
          aria-label="24"
          class="cell"
          data-state="false"
          data-testid="cell"
        />
        <div
          aria-label="25"
          class="cell"
          data-state="false"
          data-testid="cell"
        />
        <div
          aria-label="26"
          class="cell"
          data-state="false"
          data-testid="cell"
        />
        <div
          aria-label="27"
          class="cell cell-active"
          data-state="true"
          data-testid="cell"
        />
        <div
          aria-label="28"
          class="cell"
          data-state="false"
          data-testid="cell"
        />
        <div
          aria-label="29"
          class="cell"
          data-state="false"
          data-testid="cell"
        />
        <div
          aria-label="30"
          class="cell"
          data-state="false"
          data-testid="cell"
        />
        <div
          aria-label="31"
          class="cell"
          data-state="false"
          data-testid="cell"
        />
        <div
          aria-label="32"
          class="cell cell-active"
          data-state="true"
          data-testid="cell"
        />
        <div
          aria-label="33"
          class="cell"
          data-state="false"
          data-testid="cell"
        />
        <div
          aria-label="34"
          class="cell cell-active"
          data-state="true"
          data-testid="cell"
        />
        <div
          aria-label="35"
          class="cell"
          data-state="false"
          data-testid="cell"
        />
        <div
          aria-label="36"
          class="cell cell-active"
          data-state="true"
          data-testid="cell"
        />
        <div
          aria-label="37"
          class="cell"
          data-state="false"
          data-testid="cell"
        />
        <div
          aria-label="38"
          class="cell cell-active"
          data-state="true"
          data-testid="cell"
        />
        <div
          aria-label="39"
          class="cell"
          data-state="false"
          data-testid="cell"
        />
        <div
          aria-label="40"
          class="cell cell-active"
          data-state="true"
          data-testid="cell"
        />
        <div
          aria-label="41"
          class="cell cell-active"
          data-state="true"
          data-testid="cell"
        />
        <div
          aria-label="42"
          class="cell"
          data-state="false"
          data-testid="cell"
        />
        <div
          aria-label="43"
          class="cell"
          data-state="false"
          data-testid="cell"
        />
        <div
          aria-label="44"
          class="cell"
          data-state="false"
          data-testid="cell"
        />
        <div
          aria-label="45"
          class="cell cell-active"
          data-state="true"
          data-testid="cell"
        />
        <div
          aria-label="46"
          class="cell"
          data-state="false"
          data-testid="cell"
        />
        <div
          aria-label="47"
          class="cell"
          data-state="false"
          data-testid="cell"
        />
        <div
          aria-label="48"
          class="cell"
          data-state="false"
          data-testid="cell"
        />
        <div
          aria-label="49"
          class="cell cell-active"
          data-state="true"
          data-testid="cell"
        />
        <div
          aria-label="50"
          class="cell"
          data-state="false"
          data-testid="cell"
        />
        <div
          aria-label="51"
          class="cell"
          data-state="false"
          data-testid="cell"
        />
        <div
          aria-label="52"
          class="cell cell-active"
          data-state="true"
          data-testid="cell"
        />
        <div
          aria-label="53"
          class="cell"
          data-state="false"
          data-testid="cell"
        />
        <div
          aria-label="54"
          class="cell cell-active"
          data-state="true"
          data-testid="cell"
        />
        <div
          aria-label="55"
          class="cell"
          data-state="false"
          data-testid="cell"
        />
        <div
          aria-label="56"
          class="cell cell-active"
          data-state="true"
          data-testid="cell"
        />
        <div
          aria-label="57"
          class="cell"
          data-state="false"
          data-testid="cell"
        />
        <div
          aria-label="58"
          class="cell cell-active"
          data-state="true"
          data-testid="cell"
        />
        <div
          aria-label="59"
          class="cell"
          data-state="false"
          data-testid="cell"
        />
        <div
          aria-label="60"
          class="cell cell-active"
          data-state="true"
          data-testid="cell"
        />
        <div
          aria-label="61"
          class="cell"
          data-state="false"
          data-testid="cell"
        />
        <div
          aria-label="62"
          class="cell"
          data-state="false"
          data-testid="cell"
        />
        <div
          aria-label="63"
          class="cell cell-active"
          data-state="true"
          data-testid="cell"
        />
        <div
          aria-label="64"
          class="cell"
          data-state="false"
          data-testid="cell"
        />
        <div
          aria-label="65"
          class="cell"
          data-state="false"
          data-testid="cell"
        />
        <div
          aria-label="66"
          class="cell"
          data-state="false"
          data-testid="cell"
        />
        <div
          aria-label="67"
          class="cell cell-active"
          data-state="true"
          data-testid="cell"
        />
        <div
          aria-label="68"
          class="cell"
          data-state="false"
          data-testid="cell"
        />
        <div
          aria-label="69"
          class="cell"
          data-state="false"
          data-testid="cell"
        />
        <div
          aria-label="70"
          class="cell"
          data-state="false"
          data-testid="cell"
        />
        <div
          aria-label="71"
          class="cell"
          data-state="false"
          data-testid="cell"
        />
        <div
          aria-label="72"
          class="cell cell-active"
          data-state="true"
          data-testid="cell"
        />
        <div
          aria-label="73"
          class="cell"
          data-state="false"
          data-testid="cell"
        />
        <div
          aria-label="74"
          class="cell cell-active"
          data-state="true"
          data-testid="cell"
        />
        <div
          aria-label="75"
          class="cell"
          data-state="false"
          data-testid="cell"
        />
        <div
          aria-label="76"
          class="cell cell-active"
          data-state="true"
          data-testid="cell"
        />
        <div
          aria-label="77"
          class="cell"
          data-state="false"
          data-testid="cell"
        />
        <div
          aria-label="78"
          class="cell cell-active"
          data-state="true"
          data-testid="cell"
        />
        <div
          aria-label="79"
          class="cell"
          data-state="false"
          data-testid="cell"
        />
        <div
          aria-label="80"
          class="cell cell-active"
          data-state="true"
          data-testid="cell"
        />
        <div
          aria-label="81"
          class="cell cell-active"
          data-state="true"
          data-testid="cell"
        />
        <div
          aria-label="82"
          class="cell"
          data-state="false"
          data-testid="cell"
        />
        <div
          aria-label="83"
          class="cell"
          data-state="false"
          data-testid="cell"
        />
        <div
          aria-label="84"
          class="cell"
          data-state="false"
          data-testid="cell"
        />
        <div
          aria-label="85"
          class="cell cell-active"
          data-state="true"
          data-testid="cell"
        />
        <div
          aria-label="86"
          class="cell"
          data-state="false"
          data-testid="cell"
        />
        <div
          aria-label="87"
          class="cell"
          data-state="false"
          data-testid="cell"
        />
        <div
          aria-label="88"
          class="cell"
          data-state="false"
          data-testid="cell"
        />
        <div
          aria-label="89"
          class="cell cell-active"
          data-state="true"
          data-testid="cell"
        />
        <div
          aria-label="90"
          class="cell"
          data-state="false"
          data-testid="cell"
        />
        <div
          aria-label="91"
          class="cell"
          data-state="false"
          data-testid="cell"
        />
        <div
          aria-label="92"
          class="cell cell-active"
          data-state="true"
          data-testid="cell"
        />
        <div
          aria-label="93"
          class="cell"
          data-state="false"
          data-testid="cell"
        />
        <div
          aria-label="94"
          class="cell cell-active"
          data-state="true"
          data-testid="cell"
        />
        <div
          aria-label="95"
          class="cell"
          data-state="false"
          data-testid="cell"
        />
        <div
          aria-label="96"
          class="cell cell-active"
          data-state="true"
          data-testid="cell"
        />
        <div
          aria-label="97"
          class="cell"
          data-state="false"
          data-testid="cell"
        />
        <div
          aria-label="98"
          class="cell cell-active"
          data-state="true"
          data-testid="cell"
        />
        <div
          aria-label="99"
          class="cell"
          data-state="false"
          data-testid="cell"
        />
        <div
          aria-label="100"
          class="cell cell-active"
          data-state="true"
          data-testid="cell"
        />
      </div>
    </div>
    <div
      aria-valuenow="50"
      class="emotion-6 emotion-7"
      role="separator"
    >
      <div
        class="handle-icon"
      />
    </div>
    <div
      class="emotion-8 emotion-9"
    >
      <div
        class="emotion-10 emotion-11"
      >
        <div
          class="emotion-12 emotion-13"
        >
          <div
            class="emotion-14 emotion-15"
          >
            <p>
              Поколение: 0
            </p>
          </div>
          <form
            class="emotion-16 emotion-17"
          >
            <div
              class="emotion-18 emotion-19"
            >
              <h1
                class="player-name"
              />
              <div
                class="player-stats-container"
              />
              <button
                class="emotion-20 emotion-21"
                type="button"
              >
                Выйти
              </button>
            </div>
          </form>
        </div>
      </div>
      <form
        class="game-settings-form emotion-22 emotion-17"
        data-testid="field-form"
      >
        <input
          autocomplete="off"
          hidden=""
        />
        <div
          class="emotion-24 emotion-25"
        >
          <div
            class="emotion-26 emotion-19"
          >
            <label
              class="emotion-28 emotion-29"
              for="field-width"
            >
              Макс. ширина:
            </label>
            <input
              autocomplete="off"
              class="emotion-30 emotion-31"
              id="field-width"
              name="fieldWidth"
              step="1"
              type="number"
              value="100"
            />
          </div>
          <div
            class="emotion-26 emotion-19"
          >
            <label
              class="emotion-28 emotion-29"
              for="field-height"
            >
              Макс. высота:
            </label>
            <input
              autocomplete="off"
              class="emotion-30 emotion-31"
              id="field-height"
              name="fieldHeight"
              step="1"
              type="number"
              value="100"
            />
          </div>
          <div
            class="emotion-26 emotion-19"
          >
            <label
              class="emotion-28 emotion-29"
              for="cell-size"
            >
              Размер ячейки:
            </label>
            <input
              autocomplete="off"
              class="emotion-30 emotion-31"
              id="cell-size"
              name="cellSize"
              step="1"
              type="number"
              value="10"
            />
          </div>
          <div
            class="emotion-26 emotion-19"
          >
            <label
              class="emotion-28 emotion-29"
              for="capacity-percentage"
            >
              Процент заполненности:
            </label>
            <p>
              50 %
            </p>
            <input
              autocomplete="off"
              class="emotion-48 emotion-49"
              id="capacity-percentage"
              max="100"
              min="0"
              name="capacityPercentage"
              step="1"
              type="range"
              value="50"
            />
          </div>
          <div
            class="emotion-26 emotion-19"
          >
            <label
              class="emotion-28 emotion-29"
              for="speed-change"
            >
              Скорость обновления:
            </label>
            <input
              autocomplete="off"
              class="emotion-30 emotion-31"
              id="speed-change"
              name="speedChange"
              step="0.1"
              type="number"
              value="2"
            />
          </div>
        </div>
        <div
          class="emotion-24 emotion-25"
        >
          <div
            class="emotion-26 emotion-19"
          >
            <div
              class="emotion-60 emotion-61"
            >
              <button
                class="emotion-62 emotion-21"
                name="startButton"
                type="button"
              >
                Старт
              </button>
            </div>
          </div>
          <div
            class="emotion-26 emotion-19"
          >
            <div
              class="emotion-60 emotion-61"
            >
              <button
                class="emotion-62 emotion-21"
                name="stopButton"
                type="button"
              >
                Стоп
              </button>
            </div>
          </div>
          <div
            class="emotion-26 emotion-19"
          >
            <div
              class="emotion-60 emotion-61"
            >
              <button
                class="emotion-62 emotion-21"
                name="resetButton"
                type="reset"
              >
                Сброс
              </button>
            </div>
          </div>
          <div
            class="emotion-26 emotion-19"
          >
            <div
              class="emotion-60 emotion-61"
            >
              <button
                class="emotion-62 emotion-21"
                name="generateRandomButton"
                type="button"
              >
                Создать
              </button>
            </div>
          </div>
        </div>
      </form>
      <div
        class="emotion-82 emotion-83"
      >
        <div
          class="emotion-84 emotion-85"
        >
          <div
            class="emotion-86 emotion-87"
            data-testid="figurePalette"
          >
            <p
              class="emotion-88 emotion-89"
            >
              Glider
            </p>
            <button
              aria-label="rotate"
              class="emotion-90 emotion-91"
            >
              <svg
                class="emotion-92 emotion-93"
                viewBox="0 0 20 20"
                xmlns="http://www.w3.org/2000/svg"
              >
                <path
                  d="M3.254,6.572c0.008,0.072,0.048,0.123,0.082,0.187c0.036,0.07,0.06,0.137,0.12,0.187C3.47,6.957,3.47,6.978,3.484,6.988c0.048,0.034,0.108,0.018,0.162,0.035c0.057,0.019,0.1,0.066,0.164,0.066c0.004,0,0.01,0,0.015,0l2.934-0.074c0.317-0.007,0.568-0.271,0.56-0.589C7.311,6.113,7.055,5.865,6.744,5.865c-0.005,0-0.01,0-0.015,0L5.074,5.907c2.146-2.118,5.604-2.634,7.971-1.007c2.775,1.912,3.48,5.726,1.57,8.501c-1.912,2.781-5.729,3.486-8.507,1.572c-0.259-0.18-0.618-0.119-0.799,0.146c-0.18,0.262-0.114,0.621,0.148,0.801c1.254,0.863,2.687,1.279,4.106,1.279c2.313,0,4.591-1.1,6.001-3.146c2.268-3.297,1.432-7.829-1.867-10.101c-2.781-1.913-6.816-1.36-9.351,1.058L4.309,3.567C4.303,3.252,4.036,3.069,3.72,3.007C3.402,3.015,3.151,3.279,3.16,3.597l0.075,2.932C3.234,6.547,3.251,6.556,3.254,6.572z"
                  fill="none"
                />
              </svg>
            </button>
            <div
              class="emotion-94 emotion-95"
            >
              <svg
                aria-label="prev"
                class="emotion-96 emotion-97"
                disabled=""
                role="button"
                viewBox="0 0 40 60"
                xmlns="http://www.w3.org/2000/svg"
              >
                <path
                  d="M40 0 L40 60 L0 30 Z"
                />
              </svg>
              <div
                class="emotion-98 emotion-99"
              >
                <div
                  class="game-field emotion-100 emotion-5"
                  data-testid="field"
                >
                  <div
                    aria-label="1"
                    class="cell"
                    data-state="false"
                    data-testid="cell"
                  />
                  <div
                    aria-label="2"
                    class="cell cell-active"
                    data-state="true"
                    data-testid="cell"
                  />
                  <div
                    aria-label="3"
                    class="cell"
                    data-state="false"
                    data-testid="cell"
                  />
                  <div
                    aria-label="4"
                    class="cell"
                    data-state="false"
                    data-testid="cell"
                  />
                  <div
                    aria-label="5"
                    class="cell"
                    data-state="false"
                    data-testid="cell"
                  />
                  <div
                    aria-label="6"
                    class="cell cell-active"
                    data-state="true"
                    data-testid="cell"
                  />
                  <div
                    aria-label="7"
                    class="cell cell-active"
                    data-state="true"
                    data-testid="cell"
                  />
                  <div
                    aria-label="8"
                    class="cell cell-active"
                    data-state="true"
                    data-testid="cell"
                  />
                  <div
                    aria-label="9"
                    class="cell cell-active"
                    data-state="true"
                    data-testid="cell"
                  />
                </div>
              </div>
              <svg
                aria-label="next"
                class="emotion-102 emotion-97"
                role="button"
                viewBox="0 0 40 60"
                xmlns="http://www.w3.org/2000/svg"
              >
                <path
                  d="M0 0 L40 30 L0 60 Z"
                />
              </svg>
            </div>
            <button
              class="emotion-104 emotion-105"
            >
              Установить шаблон
            </button>
          </div>
        </div>
      </div>
    </div>
  </div>
</DocumentFragment>
`;
