// Jest Snapshot v1, https://goo.gl/fbAQLP

exports[`FigurePalette tests should render FigurePalette 1`] = `
<DocumentFragment>
  .emotion-0 {
  display: -webkit-inline-box;
  display: -webkit-inline-flex;
  display: -ms-inline-flexbox;
  display: inline-flex;
  -webkit-flex-direction: column;
  -ms-flex-direction: column;
  flex-direction: column;
  -webkit-align-items: center;
  -webkit-box-align: center;
  -ms-flex-align: center;
  align-items: center;
}

.emotion-3 {
  position: relative;
  overflow: hidden;
  background: inherit;
  line-height: 1.5;
  cursor: pointer;
  border-radius: 1.5rem;
  border: 2px solid #6a6d75;
  padding: 0.4rem 1.8rem;
}

.emotion-3 span {
  display: block;
  position: absolute;
}

.emotion-3 .ripple {
  -webkit-animation: ripple 400ms linear;
  animation: ripple 400ms linear;
  background: #E59FB1;
  border-radius: 50%;
}

.emotion-5 {
  display: -webkit-box;
  display: -webkit-flex;
  display: -ms-flexbox;
  display: flex;
  -webkit-align-items: center;
  -webkit-box-align: center;
  -ms-flex-align: center;
  align-items: center;
  -webkit-box-pack: justify;
  -webkit-justify-content: space-between;
  justify-content: space-between;
  width: 100%;
  margin: 1.25rem 0;
}

.emotion-8 {
  position: relative;
  overflow: hidden;
  background: inherit;
  line-height: 1.5;
  cursor: pointer;
  border-radius: 1.5rem;
  border: 2px solid #6a6d75;
  padding: 0.4rem 1.8rem;
  outline: none;
  border: none;
  display: -webkit-box;
  display: -webkit-flex;
  display: -ms-flexbox;
  display: flex;
  -webkit-align-items: center;
  -webkit-box-align: center;
  -ms-flex-align: center;
  align-items: center;
  -webkit-box-pack: center;
  -ms-flex-pack: center;
  -webkit-justify-content: center;
  justify-content: center;
  padding: 0;
}

.emotion-8 span {
  display: block;
  position: absolute;
}

.emotion-8 .ripple {
  -webkit-animation: ripple 400ms linear;
  animation: ripple 400ms linear;
  background: #E59FB1;
  border-radius: 50%;
}

.emotion-8 span {
  display: none;
}

.emotion-10 {
  width: 1rem;
  cursor: pointer;
  -webkit-flex-shrink: 0;
  -ms-flex-negative: 0;
  flex-shrink: 0;
}

.emotion-10 path {
  fill: #6a6d75;
}

.emotion-12 {
  margin-bottom: 0;
  text-align: center;
}

.emotion-17 {
  width: 1rem;
  cursor: pointer;
  -webkit-flex-shrink: 0;
  -ms-flex-negative: 0;
  flex-shrink: 0;
}

.emotion-17 path {
  fill: rgb(255, 33, 92);
}

.emotion-20 {
  position: relative;
  overflow: hidden;
  background: inherit;
  line-height: 1.5;
  cursor: pointer;
  border-radius: 1.5rem;
  border: 2px solid #6a6d75;
  padding: 0.4rem 1.8rem;
}

.emotion-20 span {
  display: block;
  position: absolute;
}

.emotion-20 .ripple {
  -webkit-animation: ripple 400ms linear;
  animation: ripple 400ms linear;
  background: #E59FB1;
  border-radius: 50%;
}

.emotion-20::after {
  content: "90°";
  display: block;
  float: left;
  font-size: 0.7rem;
}

.emotion-22 {
  display: block;
  width: 1rem;
  height: 1rem;
  float: left;
}

.emotion-22 path {
  fill: rgb(255, 33, 92);
}

.emotion-24 {
  margin: 1.25rem 2rem 0;
  overflow: auto;
}

.emotion-26 {
  width: 100px;
  cursor: pointer;
  height: 100px;
  display: -webkit-box;
  display: -webkit-flex;
  display: -ms-flexbox;
  display: flex;
  -webkit-box-flex-wrap: wrap;
  -webkit-flex-wrap: wrap;
  -ms-flex-wrap: wrap;
  flex-wrap: wrap;
  background: rgb(193,184,244);
  margin: 0 auto;
}

.emotion-26 .cell {
  -webkit-transition: 0.5s ease background;
  transition: 0.5s ease background;
  width: 20px;
  height: 20px;
  line-height: 20px;
  text-align: center;
  border: 1px solid #e8d5f0;
}

@media (hover: hover) {
  .emotion-26 .cell:hover {
    background: #E59FB1;
  }
}

.emotion-26 .cell-active {
  background: rgb(144, 131, 230);
}

.emotion-26 .cell-highlight {
  background: #E59FB1;
}

<div
    class="emotion-0 emotion-1"
    data-testid="figurePalette"
  >
    <button
      class="emotion-2 emotion-3 emotion-4"
    >
      <span />
      Установка шаблонов
    </button>
    <div
      class="emotion-5 emotion-6"
    >
      <button
        aria-label="prev"
        class="emotion-7 emotion-8 emotion-4"
        disabled=""
      >
        <span />
        <svg
          class="emotion-10 emotion-11"
          disabled=""
          viewBox="0 0 40 60"
          xmlns="http://www.w3.org/2000/svg"
        >
          <path
            d="M40 0 L40 60 L0 30 Z"
          />
        </svg>
      </button>
      <p
        class="emotion-12 emotion-13"
      >
        First figure
      </p>
      <button
        aria-label="next"
        class="emotion-7 emotion-8 emotion-4"
      >
        <span />
        <svg
          class="emotion-17 emotion-11"
          viewBox="0 0 40 60"
          xmlns="http://www.w3.org/2000/svg"
        >
          <path
            d="M0 0 L40 30 L0 60 Z"
          />
        </svg>
      </button>
    </div>
    <button
      aria-label="rotate"
      class="emotion-19 emotion-20 emotion-4"
    >
      <span />
      <svg
        class="emotion-22 emotion-23"
        viewBox="0 0 20 20"
        xmlns="http://www.w3.org/2000/svg"
      >
        <path
          d="M3.254,6.572c0.008,0.072,0.048,0.123,0.082,0.187c0.036,0.07,0.06,0.137,0.12,0.187C3.47,6.957,3.47,6.978,3.484,6.988c0.048,0.034,0.108,0.018,0.162,0.035c0.057,0.019,0.1,0.066,0.164,0.066c0.004,0,0.01,0,0.015,0l2.934-0.074c0.317-0.007,0.568-0.271,0.56-0.589C7.311,6.113,7.055,5.865,6.744,5.865c-0.005,0-0.01,0-0.015,0L5.074,5.907c2.146-2.118,5.604-2.634,7.971-1.007c2.775,1.912,3.48,5.726,1.57,8.501c-1.912,2.781-5.729,3.486-8.507,1.572c-0.259-0.18-0.618-0.119-0.799,0.146c-0.18,0.262-0.114,0.621,0.148,0.801c1.254,0.863,2.687,1.279,4.106,1.279c2.313,0,4.591-1.1,6.001-3.146c2.268-3.297,1.432-7.829-1.867-10.101c-2.781-1.913-6.816-1.36-9.351,1.058L4.309,3.567C4.303,3.252,4.036,3.069,3.72,3.007C3.402,3.015,3.151,3.279,3.16,3.597l0.075,2.932C3.234,6.547,3.251,6.556,3.254,6.572z"
          fill="none"
        />
      </svg>
    </button>
    <div
      class="emotion-24 emotion-25"
    >
      <div
        class="game-field emotion-26 emotion-27"
        data-testid="field"
      >
        <div
          aria-label="1"
          class="cell cell-active"
          data-state="true"
          data-testid="cell"
        />
        <div
          aria-label="2"
          class="cell"
          data-state="false"
          data-testid="cell"
        />
        <div
          aria-label="3"
          class="cell"
          data-state="false"
          data-testid="cell"
        />
        <div
          aria-label="4"
          class="cell"
          data-state="false"
          data-testid="cell"
        />
        <div
          aria-label="5"
          class="cell cell-active"
          data-state="true"
          data-testid="cell"
        />
        <div
          aria-label="6"
          class="cell"
          data-state="false"
          data-testid="cell"
        />
        <div
          aria-label="7"
          class="cell cell-active"
          data-state="true"
          data-testid="cell"
        />
        <div
          aria-label="8"
          class="cell"
          data-state="false"
          data-testid="cell"
        />
        <div
          aria-label="9"
          class="cell cell-active"
          data-state="true"
          data-testid="cell"
        />
        <div
          aria-label="10"
          class="cell"
          data-state="false"
          data-testid="cell"
        />
        <div
          aria-label="11"
          class="cell"
          data-state="false"
          data-testid="cell"
        />
        <div
          aria-label="12"
          class="cell"
          data-state="false"
          data-testid="cell"
        />
        <div
          aria-label="13"
          class="cell cell-active"
          data-state="true"
          data-testid="cell"
        />
        <div
          aria-label="14"
          class="cell"
          data-state="false"
          data-testid="cell"
        />
        <div
          aria-label="15"
          class="cell"
          data-state="false"
          data-testid="cell"
        />
        <div
          aria-label="16"
          class="cell"
          data-state="false"
          data-testid="cell"
        />
        <div
          aria-label="17"
          class="cell cell-active"
          data-state="true"
          data-testid="cell"
        />
        <div
          aria-label="18"
          class="cell"
          data-state="false"
          data-testid="cell"
        />
        <div
          aria-label="19"
          class="cell cell-active"
          data-state="true"
          data-testid="cell"
        />
        <div
          aria-label="20"
          class="cell"
          data-state="false"
          data-testid="cell"
        />
        <div
          aria-label="21"
          class="cell cell-active"
          data-state="true"
          data-testid="cell"
        />
        <div
          aria-label="22"
          class="cell"
          data-state="false"
          data-testid="cell"
        />
        <div
          aria-label="23"
          class="cell"
          data-state="false"
          data-testid="cell"
        />
        <div
          aria-label="24"
          class="cell"
          data-state="false"
          data-testid="cell"
        />
        <div
          aria-label="25"
          class="cell cell-active"
          data-state="true"
          data-testid="cell"
        />
      </div>
    </div>
  </div>
</DocumentFragment>
`;
