// Jest Snapshot v1, https://goo.gl/fbAQLP

exports[`form tests should render form 1`] = `
<DocumentFragment>
  <form
    class="css-abmnln-FormElement e1dt6zfi0"
    data-testid="field-form"
  >
    <input
      autocomplete="off"
      hidden=""
    />
    <div
      class="css-1vttlkg-FormGroup e1ftf0n80"
    >
      <div
        class="css-w6s8l8-FormField eybdsu10"
      >
        <label
          class="css-m0dhjx-LabelField e1gymppe0"
          for="field-width"
        >
          Макс. ширина:
        </label>
        <input
          autocomplete="off"
          class="css-iol0j7-InputField e15roiqv0"
          id="field-width"
          name="fieldWidth"
          pattern="([0-9]*[.])?[0-9]+"
          step="1"
          type="number"
          value="undefined"
        />
      </div>
      <div
        class="css-w6s8l8-FormField eybdsu10"
      >
        <label
          class="css-m0dhjx-LabelField e1gymppe0"
          for="field-height"
        >
          Макс. высота:
        </label>
        <input
          autocomplete="off"
          class="css-iol0j7-InputField e15roiqv0"
          id="field-height"
          name="fieldHeight"
          pattern="([0-9]*[.])?[0-9]+"
          step="1"
          type="number"
          value="undefined"
        />
      </div>
      <div
        class="css-w6s8l8-FormField eybdsu10"
      >
        <label
          class="css-m0dhjx-LabelField e1gymppe0"
          for="cell-size"
        >
          Размер ячейки:
        </label>
        <input
          autocomplete="off"
          class="css-iol0j7-InputField e15roiqv0"
          id="cell-size"
          name="cellSize"
          pattern="[0-9]*"
          step="1"
          type="number"
          value="undefined"
        />
      </div>
      <div
        class="css-w6s8l8-FormField eybdsu10"
      >
        <label
          class="css-m0dhjx-LabelField e1gymppe0"
          for="capacity-percentage"
        >
          Процент заполненности:
        </label>
        <p>
          undefined %
        </p>
        <input
          autocomplete="off"
          class="css-1qphvf3-InputField-InputFieldCapacity e1sflu9m0"
          id="capacity-percentage"
          max="100"
          min="0"
          name="capacityPercentage"
          step="1"
          type="range"
          value="undefined"
        />
      </div>
      <div
        class="css-w6s8l8-FormField eybdsu10"
      >
        <label
          class="css-m0dhjx-LabelField e1gymppe0"
          for="speed-change"
        >
          Обновлений в секунду:
        </label>
        <input
          autocomplete="off"
          class="css-iol0j7-InputField e15roiqv0"
          id="speed-change"
          name="speedChange"
          pattern="([0-9]*[.])?[0-9]+"
          step="0.1"
          type="number"
          value="undefined"
        />
      </div>
    </div>
    <div
      class="css-1vttlkg-FormGroup e1ftf0n80"
    >
      <div
        class="css-w6s8l8-FormField eybdsu10"
      >
        <div
          class="css-sabgvl-FormButtonContainer equvaju0"
        >
          <button
            class="css-elonfh-FormButton e2n0d7s0"
            name="startButton"
            type="button"
          >
            Старт
          </button>
        </div>
      </div>
      <div
        class="css-w6s8l8-FormField eybdsu10"
      >
        <div
          class="css-sabgvl-FormButtonContainer equvaju0"
        >
          <button
            class="css-elonfh-FormButton e2n0d7s0"
            name="stopButton"
            type="button"
          >
            Стоп
          </button>
        </div>
      </div>
      <div
        class="css-w6s8l8-FormField eybdsu10"
      >
        <div
          class="css-sabgvl-FormButtonContainer equvaju0"
        >
          <button
            class="css-elonfh-FormButton e2n0d7s0"
            name="resetButton"
            type="reset"
          >
            Сброс
          </button>
        </div>
      </div>
    </div>
  </form>
</DocumentFragment>
`;
