// Jest Snapshot v1, https://goo.gl/fbAQLP

exports[`PlayerRegistrationForm tests should render player registration form 1`] = `
<DocumentFragment>
  <form
    class="css-ldog09-FormElement-PlayerRegistrationForm e1dt6zfi0"
  >
    <div
      class="css-kmw9t5-FormField-PlayerRegistrationForm eybdsu10"
    >
      <div
        class="css-gj9mjj-PlayerRegistrationForm"
      >
        <label
          class="css-m0dhjx-LabelField e1gymppe0"
          for="register-player-input"
        >
          Введите имя игрока
        </label>
        <input
          class="css-gtg0cp-InputField-PlayerRegistrationForm e15roiqv0"
          id="register-player-input"
          name="playerName"
          value=""
        />
      </div>
      <button
        class="css-ssn7vi-FormButton-PlayerRegistrationForm e2n0d7s0"
        name="startGameAsPlayer"
        type="button"
      >
        Начать игру
      </button>
    </div>
    <div
      class="css-1a4u2lo-SpinnerContainer eok4aqp0"
    >
      <div
        class="css-rsmjug-PlayerRegistrationForm spinner-border"
        role="status"
      />
    </div>
  </form>
</DocumentFragment>
`;
