// Jest Snapshot v1, https://goo.gl/fbAQLP

exports[`PlayerRegistrationForm tests should render player registration form 1`] = `
<DocumentFragment>
  <form
    class="css-zd27lc-FormElement-PlayerRegistrationForm e13yua9l0"
  >
    <div
      class="css-1kwn5te-FormField-PlayerRegistrationForm e1jhpckf0"
    >
      <div
        class="css-1hui9kv-PlayerRegistrationForm"
      >
        <label
          class="css-m0dhjx-LabelField e16iqet90"
          for="register-player-input"
        >
          Введите имя игрока
        </label>
        <input
          class="css-gtg0cp-InputField-PlayerRegistrationForm el9r7ir0"
          id="register-player-input"
          name="playerName"
          value=""
        />
      </div>
      <button
        class="css-1vcab0e-FormButton-PlayerRegistrationForm eqsv5tc0"
        name="startGameAsPlayer"
        type="button"
      >
        Начать игру
      </button>
    </div>
  </form>
</DocumentFragment>
`;
