// Jest Snapshot v1, https://goo.gl/fbAQLP

exports[`Field tests should render field 1`] = `
<DocumentFragment>
  <div
    class="css-jy02vj"
    data-testid="field"
  >
    <div
      class="css-11pa12e"
      data-testid="cell"
      size="30"
    />
    <div
      class="css-11pa12e"
      data-testid="cell"
      size="30"
    />
    <div
      class="css-11pa12e"
      data-testid="cell"
      size="30"
    />
    <div
      class="css-11pa12e"
      data-testid="cell"
      size="30"
    />
    <div
      class="css-11pa12e"
      data-testid="cell"
      size="30"
    />
    <div
      class="css-11pa12e"
      data-testid="cell"
      size="30"
    />
    <div
      class="css-11pa12e"
      data-testid="cell"
      size="30"
    />
    <div
      class="css-11pa12e"
      data-testid="cell"
      size="30"
    />
    <div
      class="css-11pa12e"
      data-testid="cell"
      size="30"
    />
    <div
      class="css-11pa12e"
      data-testid="cell"
      size="30"
    />
    <div
      class="css-11pa12e"
      data-testid="cell"
      size="30"
    />
    <div
      class="css-11pa12e"
      data-testid="cell"
      size="30"
    />
    <div
      class="css-11pa12e"
      data-testid="cell"
      size="30"
    />
    <div
      class="css-11pa12e"
      data-testid="cell"
      size="30"
    />
    <div
      class="css-11pa12e"
      data-testid="cell"
      size="30"
    />
    <div
      class="css-11pa12e"
      data-testid="cell"
      size="30"
    />
    <div
      class="css-11pa12e"
      data-testid="cell"
      size="30"
    />
    <div
      class="css-11pa12e"
      data-testid="cell"
      size="30"
    />
    <div
      class="css-11pa12e"
      data-testid="cell"
      size="30"
    />
    <div
      class="css-11pa12e"
      data-testid="cell"
      size="30"
    />
    <div
      class="css-11pa12e"
      data-testid="cell"
      size="30"
    />
    <div
      class="css-11pa12e"
      data-testid="cell"
      size="30"
    />
    <div
      class="css-11pa12e"
      data-testid="cell"
      size="30"
    />
    <div
      class="css-11pa12e"
      data-testid="cell"
      size="30"
    />
    <div
      class="css-11pa12e"
      data-testid="cell"
      size="30"
    />
    <div
      class="css-11pa12e"
      data-testid="cell"
      size="30"
    />
    <div
      class="css-11pa12e"
      data-testid="cell"
      size="30"
    />
    <div
      class="css-11pa12e"
      data-testid="cell"
      size="30"
    />
    <div
      class="css-11pa12e"
      data-testid="cell"
      size="30"
    />
    <div
      class="css-11pa12e"
      data-testid="cell"
      size="30"
    />
    <div
      class="css-11pa12e"
      data-testid="cell"
      size="30"
    />
    <div
      class="css-11pa12e"
      data-testid="cell"
      size="30"
    />
    <div
      class="css-11pa12e"
      data-testid="cell"
      size="30"
    />
    <div
      class="css-11pa12e"
      data-testid="cell"
      size="30"
    />
    <div
      class="css-11pa12e"
      data-testid="cell"
      size="30"
    />
    <div
      class="css-11pa12e"
      data-testid="cell"
      size="30"
    />
    <div
      class="css-11pa12e"
      data-testid="cell"
      size="30"
    />
    <div
      class="css-11pa12e"
      data-testid="cell"
      size="30"
    />
    <div
      class="css-11pa12e"
      data-testid="cell"
      size="30"
    />
    <div
      class="css-11pa12e"
      data-testid="cell"
      size="30"
    />
    <div
      class="css-11pa12e"
      data-testid="cell"
      size="30"
    />
    <div
      class="css-11pa12e"
      data-testid="cell"
      size="30"
    />
    <div
      class="css-11pa12e"
      data-testid="cell"
      size="30"
    />
    <div
      class="css-11pa12e"
      data-testid="cell"
      size="30"
    />
    <div
      class="css-11pa12e"
      data-testid="cell"
      size="30"
    />
    <div
      class="css-11pa12e"
      data-testid="cell"
      size="30"
    />
    <div
      class="css-11pa12e"
      data-testid="cell"
      size="30"
    />
    <div
      class="css-11pa12e"
      data-testid="cell"
      size="30"
    />
    <div
      class="css-11pa12e"
      data-testid="cell"
      size="30"
    />
    <div
      class="css-11pa12e"
      data-testid="cell"
      size="30"
    />
    <div
      class="css-11pa12e"
      data-testid="cell"
      size="30"
    />
    <div
      class="css-11pa12e"
      data-testid="cell"
      size="30"
    />
    <div
      class="css-11pa12e"
      data-testid="cell"
      size="30"
    />
    <div
      class="css-11pa12e"
      data-testid="cell"
      size="30"
    />
    <div
      class="css-11pa12e"
      data-testid="cell"
      size="30"
    />
    <div
      class="css-11pa12e"
      data-testid="cell"
      size="30"
    />
    <div
      class="css-11pa12e"
      data-testid="cell"
      size="30"
    />
    <div
      class="css-11pa12e"
      data-testid="cell"
      size="30"
    />
    <div
      class="css-11pa12e"
      data-testid="cell"
      size="30"
    />
    <div
      class="css-11pa12e"
      data-testid="cell"
      size="30"
    />
    <div
      class="css-11pa12e"
      data-testid="cell"
      size="30"
    />
    <div
      class="css-11pa12e"
      data-testid="cell"
      size="30"
    />
    <div
      class="css-11pa12e"
      data-testid="cell"
      size="30"
    />
    <div
      class="css-11pa12e"
      data-testid="cell"
      size="30"
    />
    <div
      class="css-11pa12e"
      data-testid="cell"
      size="30"
    />
    <div
      class="css-11pa12e"
      data-testid="cell"
      size="30"
    />
    <div
      class="css-11pa12e"
      data-testid="cell"
      size="30"
    />
    <div
      class="css-11pa12e"
      data-testid="cell"
      size="30"
    />
    <div
      class="css-11pa12e"
      data-testid="cell"
      size="30"
    />
    <div
      class="css-11pa12e"
      data-testid="cell"
      size="30"
    />
    <div
      class="css-11pa12e"
      data-testid="cell"
      size="30"
    />
    <div
      class="css-11pa12e"
      data-testid="cell"
      size="30"
    />
    <div
      class="css-11pa12e"
      data-testid="cell"
      size="30"
    />
    <div
      class="css-11pa12e"
      data-testid="cell"
      size="30"
    />
    <div
      class="css-11pa12e"
      data-testid="cell"
      size="30"
    />
    <div
      class="css-11pa12e"
      data-testid="cell"
      size="30"
    />
    <div
      class="css-11pa12e"
      data-testid="cell"
      size="30"
    />
    <div
      class="css-11pa12e"
      data-testid="cell"
      size="30"
    />
    <div
      class="css-11pa12e"
      data-testid="cell"
      size="30"
    />
    <div
      class="css-11pa12e"
      data-testid="cell"
      size="30"
    />
    <div
      class="css-11pa12e"
      data-testid="cell"
      size="30"
    />
    <div
      class="css-11pa12e"
      data-testid="cell"
      size="30"
    />
    <div
      class="css-11pa12e"
      data-testid="cell"
      size="30"
    />
    <div
      class="css-11pa12e"
      data-testid="cell"
      size="30"
    />
    <div
      class="css-11pa12e"
      data-testid="cell"
      size="30"
    />
    <div
      class="css-11pa12e"
      data-testid="cell"
      size="30"
    />
    <div
      class="css-11pa12e"
      data-testid="cell"
      size="30"
    />
    <div
      class="css-11pa12e"
      data-testid="cell"
      size="30"
    />
    <div
      class="css-11pa12e"
      data-testid="cell"
      size="30"
    />
    <div
      class="css-11pa12e"
      data-testid="cell"
      size="30"
    />
    <div
      class="css-11pa12e"
      data-testid="cell"
      size="30"
    />
    <div
      class="css-11pa12e"
      data-testid="cell"
      size="30"
    />
    <div
      class="css-11pa12e"
      data-testid="cell"
      size="30"
    />
    <div
      class="css-11pa12e"
      data-testid="cell"
      size="30"
    />
    <div
      class="css-11pa12e"
      data-testid="cell"
      size="30"
    />
    <div
      class="css-11pa12e"
      data-testid="cell"
      size="30"
    />
    <div
      class="css-11pa12e"
      data-testid="cell"
      size="30"
    />
    <div
      class="css-11pa12e"
      data-testid="cell"
      size="30"
    />
    <div
      class="css-11pa12e"
      data-testid="cell"
      size="30"
    />
    <div
      class="css-11pa12e"
      data-testid="cell"
      size="30"
    />
    <div
      class="css-11pa12e"
      data-testid="cell"
      size="30"
    />
    <div
      class="css-11pa12e"
      data-testid="cell"
      size="30"
    />
    <div
      class="css-11pa12e"
      data-testid="cell"
      size="30"
    />
    <div
      class="css-11pa12e"
      data-testid="cell"
      size="30"
    />
    <div
      class="css-11pa12e"
      data-testid="cell"
      size="30"
    />
    <div
      class="css-11pa12e"
      data-testid="cell"
      size="30"
    />
    <div
      class="css-11pa12e"
      data-testid="cell"
      size="30"
    />
    <div
      class="css-11pa12e"
      data-testid="cell"
      size="30"
    />
    <div
      class="css-11pa12e"
      data-testid="cell"
      size="30"
    />
    <div
      class="css-11pa12e"
      data-testid="cell"
      size="30"
    />
    <div
      class="css-11pa12e"
      data-testid="cell"
      size="30"
    />
    <div
      class="css-11pa12e"
      data-testid="cell"
      size="30"
    />
    <div
      class="css-11pa12e"
      data-testid="cell"
      size="30"
    />
    <div
      class="css-11pa12e"
      data-testid="cell"
      size="30"
    />
    <div
      class="css-11pa12e"
      data-testid="cell"
      size="30"
    />
    <div
      class="css-11pa12e"
      data-testid="cell"
      size="30"
    />
    <div
      class="css-11pa12e"
      data-testid="cell"
      size="30"
    />
    <div
      class="css-11pa12e"
      data-testid="cell"
      size="30"
    />
    <div
      class="css-11pa12e"
      data-testid="cell"
      size="30"
    />
    <div
      class="css-11pa12e"
      data-testid="cell"
      size="30"
    />
    <div
      class="css-11pa12e"
      data-testid="cell"
      size="30"
    />
    <div
      class="css-11pa12e"
      data-testid="cell"
      size="30"
    />
    <div
      class="css-11pa12e"
      data-testid="cell"
      size="30"
    />
    <div
      class="css-11pa12e"
      data-testid="cell"
      size="30"
    />
    <div
      class="css-11pa12e"
      data-testid="cell"
      size="30"
    />
    <div
      class="css-11pa12e"
      data-testid="cell"
      size="30"
    />
    <div
      class="css-11pa12e"
      data-testid="cell"
      size="30"
    />
    <div
      class="css-11pa12e"
      data-testid="cell"
      size="30"
    />
    <div
      class="css-11pa12e"
      data-testid="cell"
      size="30"
    />
    <div
      class="css-11pa12e"
      data-testid="cell"
      size="30"
    />
    <div
      class="css-11pa12e"
      data-testid="cell"
      size="30"
    />
    <div
      class="css-11pa12e"
      data-testid="cell"
      size="30"
    />
    <div
      class="css-11pa12e"
      data-testid="cell"
      size="30"
    />
    <div
      class="css-11pa12e"
      data-testid="cell"
      size="30"
    />
    <div
      class="css-11pa12e"
      data-testid="cell"
      size="30"
    />
    <div
      class="css-11pa12e"
      data-testid="cell"
      size="30"
    />
    <div
      class="css-11pa12e"
      data-testid="cell"
      size="30"
    />
    <div
      class="css-11pa12e"
      data-testid="cell"
      size="30"
    />
    <div
      class="css-11pa12e"
      data-testid="cell"
      size="30"
    />
    <div
      class="css-11pa12e"
      data-testid="cell"
      size="30"
    />
    <div
      class="css-11pa12e"
      data-testid="cell"
      size="30"
    />
    <div
      class="css-11pa12e"
      data-testid="cell"
      size="30"
    />
    <div
      class="css-11pa12e"
      data-testid="cell"
      size="30"
    />
    <div
      class="css-11pa12e"
      data-testid="cell"
      size="30"
    />
    <div
      class="css-11pa12e"
      data-testid="cell"
      size="30"
    />
    <div
      class="css-11pa12e"
      data-testid="cell"
      size="30"
    />
    <div
      class="css-11pa12e"
      data-testid="cell"
      size="30"
    />
    <div
      class="css-11pa12e"
      data-testid="cell"
      size="30"
    />
    <div
      class="css-11pa12e"
      data-testid="cell"
      size="30"
    />
    <div
      class="css-11pa12e"
      data-testid="cell"
      size="30"
    />
    <div
      class="css-11pa12e"
      data-testid="cell"
      size="30"
    />
    <div
      class="css-11pa12e"
      data-testid="cell"
      size="30"
    />
    <div
      class="css-11pa12e"
      data-testid="cell"
      size="30"
    />
    <div
      class="css-11pa12e"
      data-testid="cell"
      size="30"
    />
    <div
      class="css-11pa12e"
      data-testid="cell"
      size="30"
    />
    <div
      class="css-11pa12e"
      data-testid="cell"
      size="30"
    />
    <div
      class="css-11pa12e"
      data-testid="cell"
      size="30"
    />
    <div
      class="css-11pa12e"
      data-testid="cell"
      size="30"
    />
    <div
      class="css-11pa12e"
      data-testid="cell"
      size="30"
    />
    <div
      class="css-11pa12e"
      data-testid="cell"
      size="30"
    />
    <div
      class="css-11pa12e"
      data-testid="cell"
      size="30"
    />
    <div
      class="css-11pa12e"
      data-testid="cell"
      size="30"
    />
    <div
      class="css-11pa12e"
      data-testid="cell"
      size="30"
    />
    <div
      class="css-11pa12e"
      data-testid="cell"
      size="30"
    />
    <div
      class="css-11pa12e"
      data-testid="cell"
      size="30"
    />
    <div
      class="css-11pa12e"
      data-testid="cell"
      size="30"
    />
    <div
      class="css-11pa12e"
      data-testid="cell"
      size="30"
    />
    <div
      class="css-11pa12e"
      data-testid="cell"
      size="30"
    />
    <div
      class="css-11pa12e"
      data-testid="cell"
      size="30"
    />
    <div
      class="css-11pa12e"
      data-testid="cell"
      size="30"
    />
    <div
      class="css-11pa12e"
      data-testid="cell"
      size="30"
    />
    <div
      class="css-11pa12e"
      data-testid="cell"
      size="30"
    />
    <div
      class="css-11pa12e"
      data-testid="cell"
      size="30"
    />
    <div
      class="css-11pa12e"
      data-testid="cell"
      size="30"
    />
    <div
      class="css-11pa12e"
      data-testid="cell"
      size="30"
    />
    <div
      class="css-11pa12e"
      data-testid="cell"
      size="30"
    />
    <div
      class="css-11pa12e"
      data-testid="cell"
      size="30"
    />
    <div
      class="css-11pa12e"
      data-testid="cell"
      size="30"
    />
    <div
      class="css-11pa12e"
      data-testid="cell"
      size="30"
    />
    <div
      class="css-11pa12e"
      data-testid="cell"
      size="30"
    />
    <div
      class="css-11pa12e"
      data-testid="cell"
      size="30"
    />
    <div
      class="css-11pa12e"
      data-testid="cell"
      size="30"
    />
    <div
      class="css-11pa12e"
      data-testid="cell"
      size="30"
    />
    <div
      class="css-11pa12e"
      data-testid="cell"
      size="30"
    />
    <div
      class="css-11pa12e"
      data-testid="cell"
      size="30"
    />
    <div
      class="css-11pa12e"
      data-testid="cell"
      size="30"
    />
    <div
      class="css-11pa12e"
      data-testid="cell"
      size="30"
    />
    <div
      class="css-11pa12e"
      data-testid="cell"
      size="30"
    />
    <div
      class="css-11pa12e"
      data-testid="cell"
      size="30"
    />
    <div
      class="css-11pa12e"
      data-testid="cell"
      size="30"
    />
    <div
      class="css-11pa12e"
      data-testid="cell"
      size="30"
    />
    <div
      class="css-11pa12e"
      data-testid="cell"
      size="30"
    />
    <div
      class="css-11pa12e"
      data-testid="cell"
      size="30"
    />
    <div
      class="css-11pa12e"
      data-testid="cell"
      size="30"
    />
    <div
      class="css-11pa12e"
      data-testid="cell"
      size="30"
    />
    <div
      class="css-11pa12e"
      data-testid="cell"
      size="30"
    />
    <div
      class="css-11pa12e"
      data-testid="cell"
      size="30"
    />
    <div
      class="css-11pa12e"
      data-testid="cell"
      size="30"
    />
    <div
      class="css-11pa12e"
      data-testid="cell"
      size="30"
    />
    <div
      class="css-11pa12e"
      data-testid="cell"
      size="30"
    />
    <div
      class="css-11pa12e"
      data-testid="cell"
      size="30"
    />
    <div
      class="css-11pa12e"
      data-testid="cell"
      size="30"
    />
    <div
      class="css-11pa12e"
      data-testid="cell"
      size="30"
    />
    <div
      class="css-11pa12e"
      data-testid="cell"
      size="30"
    />
    <div
      class="css-11pa12e"
      data-testid="cell"
      size="30"
    />
    <div
      class="css-11pa12e"
      data-testid="cell"
      size="30"
    />
    <div
      class="css-11pa12e"
      data-testid="cell"
      size="30"
    />
    <div
      class="css-11pa12e"
      data-testid="cell"
      size="30"
    />
    <div
      class="css-11pa12e"
      data-testid="cell"
      size="30"
    />
    <div
      class="css-11pa12e"
      data-testid="cell"
      size="30"
    />
    <div
      class="css-11pa12e"
      data-testid="cell"
      size="30"
    />
    <div
      class="css-11pa12e"
      data-testid="cell"
      size="30"
    />
    <div
      class="css-11pa12e"
      data-testid="cell"
      size="30"
    />
    <div
      class="css-11pa12e"
      data-testid="cell"
      size="30"
    />
    <div
      class="css-11pa12e"
      data-testid="cell"
      size="30"
    />
    <div
      class="css-11pa12e"
      data-testid="cell"
      size="30"
    />
    <div
      class="css-11pa12e"
      data-testid="cell"
      size="30"
    />
    <div
      class="css-11pa12e"
      data-testid="cell"
      size="30"
    />
    <div
      class="css-11pa12e"
      data-testid="cell"
      size="30"
    />
    <div
      class="css-11pa12e"
      data-testid="cell"
      size="30"
    />
    <div
      class="css-11pa12e"
      data-testid="cell"
      size="30"
    />
    <div
      class="css-11pa12e"
      data-testid="cell"
      size="30"
    />
    <div
      class="css-11pa12e"
      data-testid="cell"
      size="30"
    />
    <div
      class="css-11pa12e"
      data-testid="cell"
      size="30"
    />
    <div
      class="css-11pa12e"
      data-testid="cell"
      size="30"
    />
    <div
      class="css-11pa12e"
      data-testid="cell"
      size="30"
    />
    <div
      class="css-11pa12e"
      data-testid="cell"
      size="30"
    />
    <div
      class="css-11pa12e"
      data-testid="cell"
      size="30"
    />
    <div
      class="css-11pa12e"
      data-testid="cell"
      size="30"
    />
    <div
      class="css-11pa12e"
      data-testid="cell"
      size="30"
    />
    <div
      class="css-11pa12e"
      data-testid="cell"
      size="30"
    />
    <div
      class="css-11pa12e"
      data-testid="cell"
      size="30"
    />
    <div
      class="css-11pa12e"
      data-testid="cell"
      size="30"
    />
    <div
      class="css-11pa12e"
      data-testid="cell"
      size="30"
    />
    <div
      class="css-11pa12e"
      data-testid="cell"
      size="30"
    />
    <div
      class="css-11pa12e"
      data-testid="cell"
      size="30"
    />
    <div
      class="css-11pa12e"
      data-testid="cell"
      size="30"
    />
    <div
      class="css-11pa12e"
      data-testid="cell"
      size="30"
    />
    <div
      class="css-11pa12e"
      data-testid="cell"
      size="30"
    />
    <div
      class="css-11pa12e"
      data-testid="cell"
      size="30"
    />
    <div
      class="css-11pa12e"
      data-testid="cell"
      size="30"
    />
    <div
      class="css-11pa12e"
      data-testid="cell"
      size="30"
    />
    <div
      class="css-11pa12e"
      data-testid="cell"
      size="30"
    />
    <div
      class="css-11pa12e"
      data-testid="cell"
      size="30"
    />
    <div
      class="css-11pa12e"
      data-testid="cell"
      size="30"
    />
    <div
      class="css-11pa12e"
      data-testid="cell"
      size="30"
    />
    <div
      class="css-11pa12e"
      data-testid="cell"
      size="30"
    />
    <div
      class="css-11pa12e"
      data-testid="cell"
      size="30"
    />
    <div
      class="css-11pa12e"
      data-testid="cell"
      size="30"
    />
    <div
      class="css-11pa12e"
      data-testid="cell"
      size="30"
    />
    <div
      class="css-11pa12e"
      data-testid="cell"
      size="30"
    />
    <div
      class="css-11pa12e"
      data-testid="cell"
      size="30"
    />
    <div
      class="css-11pa12e"
      data-testid="cell"
      size="30"
    />
    <div
      class="css-11pa12e"
      data-testid="cell"
      size="30"
    />
    <div
      class="css-11pa12e"
      data-testid="cell"
      size="30"
    />
    <div
      class="css-11pa12e"
      data-testid="cell"
      size="30"
    />
    <div
      class="css-11pa12e"
      data-testid="cell"
      size="30"
    />
    <div
      class="css-11pa12e"
      data-testid="cell"
      size="30"
    />
    <div
      class="css-11pa12e"
      data-testid="cell"
      size="30"
    />
    <div
      class="css-11pa12e"
      data-testid="cell"
      size="30"
    />
  </div>
</DocumentFragment>
`;
