// Jest Snapshot v1, https://goo.gl/fbAQLP

exports[`GameField tests should render game field 1`] = `
<DocumentFragment>
  <div
    class="css-dk0s0q-FieldContainer e150joea0"
    data-testid="field"
  >
    <div
      class="css-ep0khm-StyledCell e7gfaot0"
      data-testid="cell"
      size="40"
    >
      1
    </div>
    <div
      class="css-ep0khm-StyledCell e7gfaot0"
      data-testid="cell"
      size="40"
    >
      2
    </div>
    <div
      class="css-ep0khm-StyledCell e7gfaot0"
      data-testid="cell"
      size="40"
    >
      3
    </div>
    <div
      class="css-ep0khm-StyledCell e7gfaot0"
      data-testid="cell"
      size="40"
    >
      4
    </div>
    <div
      class="css-ep0khm-StyledCell e7gfaot0"
      data-testid="cell"
      size="40"
    >
      5
    </div>
    <div
      class="css-ep0khm-StyledCell e7gfaot0"
      data-testid="cell"
      size="40"
    >
      6
    </div>
    <div
      class="css-ep0khm-StyledCell e7gfaot0"
      data-testid="cell"
      size="40"
    >
      7
    </div>
    <div
      class="css-ep0khm-StyledCell e7gfaot0"
      data-testid="cell"
      size="40"
    >
      8
    </div>
    <div
      class="css-ep0khm-StyledCell e7gfaot0"
      data-testid="cell"
      size="40"
    >
      9
    </div>
    <div
      class="css-ep0khm-StyledCell e7gfaot0"
      data-testid="cell"
      size="40"
    >
      10
    </div>
    <div
      class="css-ep0khm-StyledCell e7gfaot0"
      data-testid="cell"
      size="40"
    >
      11
    </div>
    <div
      class="css-ep0khm-StyledCell e7gfaot0"
      data-testid="cell"
      size="40"
    >
      12
    </div>
    <div
      class="css-ep0khm-StyledCell e7gfaot0"
      data-testid="cell"
      size="40"
    >
      13
    </div>
    <div
      class="css-ep0khm-StyledCell e7gfaot0"
      data-testid="cell"
      size="40"
    >
      14
    </div>
    <div
      class="css-ep0khm-StyledCell e7gfaot0"
      data-testid="cell"
      size="40"
    >
      15
    </div>
    <div
      class="css-ep0khm-StyledCell e7gfaot0"
      data-testid="cell"
      size="40"
    >
      16
    </div>
    <div
      class="css-ep0khm-StyledCell e7gfaot0"
      data-testid="cell"
      size="40"
    >
      17
    </div>
    <div
      class="css-ep0khm-StyledCell e7gfaot0"
      data-testid="cell"
      size="40"
    >
      18
    </div>
    <div
      class="css-ep0khm-StyledCell e7gfaot0"
      data-testid="cell"
      size="40"
    >
      19
    </div>
    <div
      class="css-ep0khm-StyledCell e7gfaot0"
      data-testid="cell"
      size="40"
    >
      20
    </div>
    <div
      class="css-ep0khm-StyledCell e7gfaot0"
      data-testid="cell"
      size="40"
    >
      21
    </div>
    <div
      class="css-ep0khm-StyledCell e7gfaot0"
      data-testid="cell"
      size="40"
    >
      22
    </div>
    <div
      class="css-ep0khm-StyledCell e7gfaot0"
      data-testid="cell"
      size="40"
    >
      23
    </div>
    <div
      class="css-ep0khm-StyledCell e7gfaot0"
      data-testid="cell"
      size="40"
    >
      24
    </div>
    <div
      class="css-ep0khm-StyledCell e7gfaot0"
      data-testid="cell"
      size="40"
    >
      25
    </div>
    <div
      class="css-ep0khm-StyledCell e7gfaot0"
      data-testid="cell"
      size="40"
    >
      26
    </div>
    <div
      class="css-ep0khm-StyledCell e7gfaot0"
      data-testid="cell"
      size="40"
    >
      27
    </div>
    <div
      class="css-ep0khm-StyledCell e7gfaot0"
      data-testid="cell"
      size="40"
    >
      28
    </div>
    <div
      class="css-ep0khm-StyledCell e7gfaot0"
      data-testid="cell"
      size="40"
    >
      29
    </div>
    <div
      class="css-ep0khm-StyledCell e7gfaot0"
      data-testid="cell"
      size="40"
    >
      30
    </div>
    <div
      class="css-ep0khm-StyledCell e7gfaot0"
      data-testid="cell"
      size="40"
    >
      31
    </div>
    <div
      class="css-ep0khm-StyledCell e7gfaot0"
      data-testid="cell"
      size="40"
    >
      32
    </div>
    <div
      class="css-ep0khm-StyledCell e7gfaot0"
      data-testid="cell"
      size="40"
    >
      33
    </div>
    <div
      class="css-ep0khm-StyledCell e7gfaot0"
      data-testid="cell"
      size="40"
    >
      34
    </div>
    <div
      class="css-ep0khm-StyledCell e7gfaot0"
      data-testid="cell"
      size="40"
    >
      35
    </div>
    <div
      class="css-ep0khm-StyledCell e7gfaot0"
      data-testid="cell"
      size="40"
    >
      36
    </div>
    <div
      class="css-ep0khm-StyledCell e7gfaot0"
      data-testid="cell"
      size="40"
    >
      37
    </div>
    <div
      class="css-ep0khm-StyledCell e7gfaot0"
      data-testid="cell"
      size="40"
    >
      38
    </div>
    <div
      class="css-ep0khm-StyledCell e7gfaot0"
      data-testid="cell"
      size="40"
    >
      39
    </div>
    <div
      class="css-ep0khm-StyledCell e7gfaot0"
      data-testid="cell"
      size="40"
    >
      40
    </div>
    <div
      class="css-ep0khm-StyledCell e7gfaot0"
      data-testid="cell"
      size="40"
    >
      41
    </div>
    <div
      class="css-ep0khm-StyledCell e7gfaot0"
      data-testid="cell"
      size="40"
    >
      42
    </div>
    <div
      class="css-ep0khm-StyledCell e7gfaot0"
      data-testid="cell"
      size="40"
    >
      43
    </div>
    <div
      class="css-ep0khm-StyledCell e7gfaot0"
      data-testid="cell"
      size="40"
    >
      44
    </div>
    <div
      class="css-ep0khm-StyledCell e7gfaot0"
      data-testid="cell"
      size="40"
    >
      45
    </div>
    <div
      class="css-ep0khm-StyledCell e7gfaot0"
      data-testid="cell"
      size="40"
    >
      46
    </div>
    <div
      class="css-ep0khm-StyledCell e7gfaot0"
      data-testid="cell"
      size="40"
    >
      47
    </div>
    <div
      class="css-ep0khm-StyledCell e7gfaot0"
      data-testid="cell"
      size="40"
    >
      48
    </div>
    <div
      class="css-ep0khm-StyledCell e7gfaot0"
      data-testid="cell"
      size="40"
    >
      49
    </div>
    <div
      class="css-ep0khm-StyledCell e7gfaot0"
      data-testid="cell"
      size="40"
    >
      50
    </div>
    <div
      class="css-ep0khm-StyledCell e7gfaot0"
      data-testid="cell"
      size="40"
    >
      51
    </div>
    <div
      class="css-ep0khm-StyledCell e7gfaot0"
      data-testid="cell"
      size="40"
    >
      52
    </div>
    <div
      class="css-ep0khm-StyledCell e7gfaot0"
      data-testid="cell"
      size="40"
    >
      53
    </div>
    <div
      class="css-ep0khm-StyledCell e7gfaot0"
      data-testid="cell"
      size="40"
    >
      54
    </div>
    <div
      class="css-ep0khm-StyledCell e7gfaot0"
      data-testid="cell"
      size="40"
    >
      55
    </div>
    <div
      class="css-ep0khm-StyledCell e7gfaot0"
      data-testid="cell"
      size="40"
    >
      56
    </div>
    <div
      class="css-ep0khm-StyledCell e7gfaot0"
      data-testid="cell"
      size="40"
    >
      57
    </div>
    <div
      class="css-ep0khm-StyledCell e7gfaot0"
      data-testid="cell"
      size="40"
    >
      58
    </div>
    <div
      class="css-ep0khm-StyledCell e7gfaot0"
      data-testid="cell"
      size="40"
    >
      59
    </div>
    <div
      class="css-ep0khm-StyledCell e7gfaot0"
      data-testid="cell"
      size="40"
    >
      60
    </div>
    <div
      class="css-ep0khm-StyledCell e7gfaot0"
      data-testid="cell"
      size="40"
    >
      61
    </div>
    <div
      class="css-ep0khm-StyledCell e7gfaot0"
      data-testid="cell"
      size="40"
    >
      62
    </div>
    <div
      class="css-ep0khm-StyledCell e7gfaot0"
      data-testid="cell"
      size="40"
    >
      63
    </div>
    <div
      class="css-ep0khm-StyledCell e7gfaot0"
      data-testid="cell"
      size="40"
    >
      64
    </div>
    <div
      class="css-ep0khm-StyledCell e7gfaot0"
      data-testid="cell"
      size="40"
    >
      65
    </div>
    <div
      class="css-ep0khm-StyledCell e7gfaot0"
      data-testid="cell"
      size="40"
    >
      66
    </div>
    <div
      class="css-ep0khm-StyledCell e7gfaot0"
      data-testid="cell"
      size="40"
    >
      67
    </div>
    <div
      class="css-ep0khm-StyledCell e7gfaot0"
      data-testid="cell"
      size="40"
    >
      68
    </div>
    <div
      class="css-ep0khm-StyledCell e7gfaot0"
      data-testid="cell"
      size="40"
    >
      69
    </div>
    <div
      class="css-ep0khm-StyledCell e7gfaot0"
      data-testid="cell"
      size="40"
    >
      70
    </div>
    <div
      class="css-ep0khm-StyledCell e7gfaot0"
      data-testid="cell"
      size="40"
    >
      71
    </div>
    <div
      class="css-ep0khm-StyledCell e7gfaot0"
      data-testid="cell"
      size="40"
    >
      72
    </div>
    <div
      class="css-ep0khm-StyledCell e7gfaot0"
      data-testid="cell"
      size="40"
    >
      73
    </div>
    <div
      class="css-ep0khm-StyledCell e7gfaot0"
      data-testid="cell"
      size="40"
    >
      74
    </div>
    <div
      class="css-ep0khm-StyledCell e7gfaot0"
      data-testid="cell"
      size="40"
    >
      75
    </div>
    <div
      class="css-ep0khm-StyledCell e7gfaot0"
      data-testid="cell"
      size="40"
    >
      76
    </div>
    <div
      class="css-ep0khm-StyledCell e7gfaot0"
      data-testid="cell"
      size="40"
    >
      77
    </div>
    <div
      class="css-ep0khm-StyledCell e7gfaot0"
      data-testid="cell"
      size="40"
    >
      78
    </div>
    <div
      class="css-ep0khm-StyledCell e7gfaot0"
      data-testid="cell"
      size="40"
    >
      79
    </div>
    <div
      class="css-ep0khm-StyledCell e7gfaot0"
      data-testid="cell"
      size="40"
    >
      80
    </div>
    <div
      class="css-ep0khm-StyledCell e7gfaot0"
      data-testid="cell"
      size="40"
    >
      81
    </div>
    <div
      class="css-ep0khm-StyledCell e7gfaot0"
      data-testid="cell"
      size="40"
    >
      82
    </div>
    <div
      class="css-ep0khm-StyledCell e7gfaot0"
      data-testid="cell"
      size="40"
    >
      83
    </div>
    <div
      class="css-ep0khm-StyledCell e7gfaot0"
      data-testid="cell"
      size="40"
    >
      84
    </div>
    <div
      class="css-ep0khm-StyledCell e7gfaot0"
      data-testid="cell"
      size="40"
    >
      85
    </div>
    <div
      class="css-ep0khm-StyledCell e7gfaot0"
      data-testid="cell"
      size="40"
    >
      86
    </div>
    <div
      class="css-ep0khm-StyledCell e7gfaot0"
      data-testid="cell"
      size="40"
    >
      87
    </div>
    <div
      class="css-ep0khm-StyledCell e7gfaot0"
      data-testid="cell"
      size="40"
    >
      88
    </div>
    <div
      class="css-ep0khm-StyledCell e7gfaot0"
      data-testid="cell"
      size="40"
    >
      89
    </div>
    <div
      class="css-ep0khm-StyledCell e7gfaot0"
      data-testid="cell"
      size="40"
    >
      90
    </div>
    <div
      class="css-ep0khm-StyledCell e7gfaot0"
      data-testid="cell"
      size="40"
    >
      91
    </div>
    <div
      class="css-ep0khm-StyledCell e7gfaot0"
      data-testid="cell"
      size="40"
    >
      92
    </div>
    <div
      class="css-ep0khm-StyledCell e7gfaot0"
      data-testid="cell"
      size="40"
    >
      93
    </div>
    <div
      class="css-ep0khm-StyledCell e7gfaot0"
      data-testid="cell"
      size="40"
    >
      94
    </div>
    <div
      class="css-ep0khm-StyledCell e7gfaot0"
      data-testid="cell"
      size="40"
    >
      95
    </div>
    <div
      class="css-ep0khm-StyledCell e7gfaot0"
      data-testid="cell"
      size="40"
    >
      96
    </div>
    <div
      class="css-ep0khm-StyledCell e7gfaot0"
      data-testid="cell"
      size="40"
    >
      97
    </div>
    <div
      class="css-ep0khm-StyledCell e7gfaot0"
      data-testid="cell"
      size="40"
    >
      98
    </div>
    <div
      class="css-ep0khm-StyledCell e7gfaot0"
      data-testid="cell"
      size="40"
    >
      99
    </div>
    <div
      class="css-ep0khm-StyledCell e7gfaot0"
      data-testid="cell"
      size="40"
    >
      100
    </div>
    <div
      class="css-ep0khm-StyledCell e7gfaot0"
      data-testid="cell"
      size="40"
    >
      101
    </div>
    <div
      class="css-ep0khm-StyledCell e7gfaot0"
      data-testid="cell"
      size="40"
    >
      102
    </div>
    <div
      class="css-ep0khm-StyledCell e7gfaot0"
      data-testid="cell"
      size="40"
    >
      103
    </div>
    <div
      class="css-ep0khm-StyledCell e7gfaot0"
      data-testid="cell"
      size="40"
    >
      104
    </div>
    <div
      class="css-ep0khm-StyledCell e7gfaot0"
      data-testid="cell"
      size="40"
    >
      105
    </div>
    <div
      class="css-ep0khm-StyledCell e7gfaot0"
      data-testid="cell"
      size="40"
    >
      106
    </div>
    <div
      class="css-ep0khm-StyledCell e7gfaot0"
      data-testid="cell"
      size="40"
    >
      107
    </div>
    <div
      class="css-ep0khm-StyledCell e7gfaot0"
      data-testid="cell"
      size="40"
    >
      108
    </div>
    <div
      class="css-ep0khm-StyledCell e7gfaot0"
      data-testid="cell"
      size="40"
    >
      109
    </div>
    <div
      class="css-ep0khm-StyledCell e7gfaot0"
      data-testid="cell"
      size="40"
    >
      110
    </div>
    <div
      class="css-ep0khm-StyledCell e7gfaot0"
      data-testid="cell"
      size="40"
    >
      111
    </div>
    <div
      class="css-ep0khm-StyledCell e7gfaot0"
      data-testid="cell"
      size="40"
    >
      112
    </div>
    <div
      class="css-ep0khm-StyledCell e7gfaot0"
      data-testid="cell"
      size="40"
    >
      113
    </div>
    <div
      class="css-ep0khm-StyledCell e7gfaot0"
      data-testid="cell"
      size="40"
    >
      114
    </div>
    <div
      class="css-ep0khm-StyledCell e7gfaot0"
      data-testid="cell"
      size="40"
    >
      115
    </div>
    <div
      class="css-ep0khm-StyledCell e7gfaot0"
      data-testid="cell"
      size="40"
    >
      116
    </div>
    <div
      class="css-ep0khm-StyledCell e7gfaot0"
      data-testid="cell"
      size="40"
    >
      117
    </div>
    <div
      class="css-ep0khm-StyledCell e7gfaot0"
      data-testid="cell"
      size="40"
    >
      118
    </div>
    <div
      class="css-ep0khm-StyledCell e7gfaot0"
      data-testid="cell"
      size="40"
    >
      119
    </div>
    <div
      class="css-ep0khm-StyledCell e7gfaot0"
      data-testid="cell"
      size="40"
    >
      120
    </div>
    <div
      class="css-ep0khm-StyledCell e7gfaot0"
      data-testid="cell"
      size="40"
    >
      121
    </div>
    <div
      class="css-ep0khm-StyledCell e7gfaot0"
      data-testid="cell"
      size="40"
    >
      122
    </div>
    <div
      class="css-ep0khm-StyledCell e7gfaot0"
      data-testid="cell"
      size="40"
    >
      123
    </div>
    <div
      class="css-ep0khm-StyledCell e7gfaot0"
      data-testid="cell"
      size="40"
    >
      124
    </div>
    <div
      class="css-ep0khm-StyledCell e7gfaot0"
      data-testid="cell"
      size="40"
    >
      125
    </div>
    <div
      class="css-ep0khm-StyledCell e7gfaot0"
      data-testid="cell"
      size="40"
    >
      126
    </div>
    <div
      class="css-ep0khm-StyledCell e7gfaot0"
      data-testid="cell"
      size="40"
    >
      127
    </div>
    <div
      class="css-ep0khm-StyledCell e7gfaot0"
      data-testid="cell"
      size="40"
    >
      128
    </div>
    <div
      class="css-ep0khm-StyledCell e7gfaot0"
      data-testid="cell"
      size="40"
    >
      129
    </div>
    <div
      class="css-ep0khm-StyledCell e7gfaot0"
      data-testid="cell"
      size="40"
    >
      130
    </div>
    <div
      class="css-ep0khm-StyledCell e7gfaot0"
      data-testid="cell"
      size="40"
    >
      131
    </div>
    <div
      class="css-ep0khm-StyledCell e7gfaot0"
      data-testid="cell"
      size="40"
    >
      132
    </div>
    <div
      class="css-ep0khm-StyledCell e7gfaot0"
      data-testid="cell"
      size="40"
    >
      133
    </div>
    <div
      class="css-ep0khm-StyledCell e7gfaot0"
      data-testid="cell"
      size="40"
    >
      134
    </div>
    <div
      class="css-ep0khm-StyledCell e7gfaot0"
      data-testid="cell"
      size="40"
    >
      135
    </div>
    <div
      class="css-ep0khm-StyledCell e7gfaot0"
      data-testid="cell"
      size="40"
    >
      136
    </div>
    <div
      class="css-ep0khm-StyledCell e7gfaot0"
      data-testid="cell"
      size="40"
    >
      137
    </div>
    <div
      class="css-ep0khm-StyledCell e7gfaot0"
      data-testid="cell"
      size="40"
    >
      138
    </div>
    <div
      class="css-ep0khm-StyledCell e7gfaot0"
      data-testid="cell"
      size="40"
    >
      139
    </div>
    <div
      class="css-ep0khm-StyledCell e7gfaot0"
      data-testid="cell"
      size="40"
    >
      140
    </div>
    <div
      class="css-ep0khm-StyledCell e7gfaot0"
      data-testid="cell"
      size="40"
    >
      141
    </div>
    <div
      class="css-ep0khm-StyledCell e7gfaot0"
      data-testid="cell"
      size="40"
    >
      142
    </div>
    <div
      class="css-ep0khm-StyledCell e7gfaot0"
      data-testid="cell"
      size="40"
    >
      143
    </div>
    <div
      class="css-ep0khm-StyledCell e7gfaot0"
      data-testid="cell"
      size="40"
    >
      144
    </div>
    <div
      class="css-ep0khm-StyledCell e7gfaot0"
      data-testid="cell"
      size="40"
    >
      145
    </div>
    <div
      class="css-ep0khm-StyledCell e7gfaot0"
      data-testid="cell"
      size="40"
    >
      146
    </div>
    <div
      class="css-ep0khm-StyledCell e7gfaot0"
      data-testid="cell"
      size="40"
    >
      147
    </div>
    <div
      class="css-ep0khm-StyledCell e7gfaot0"
      data-testid="cell"
      size="40"
    >
      148
    </div>
    <div
      class="css-ep0khm-StyledCell e7gfaot0"
      data-testid="cell"
      size="40"
    >
      149
    </div>
    <div
      class="css-ep0khm-StyledCell e7gfaot0"
      data-testid="cell"
      size="40"
    >
      150
    </div>
  </div>
</DocumentFragment>
`;
