// Jest Snapshot v1, https://goo.gl/fbAQLP

exports[`PlayerContainer tests should render PlayerContainer 1`] = `
<DocumentFragment>
  <form
    class="css-13o0mbz-FormElement-PlayerContainer e13yua9l0"
  >
    <div
      class="css-1hn82fw-FormField-PlayerContainer e1jhpckf0"
    >
      <h1
        class="player-name"
      >
        Ivan
      </h1>
      <div
        class="player-stats"
      >
        <h2>
          Статистика
        </h2>
        <ul>
          <li>
            Очки: 0
          </li>
          <li>
            Количество кликов: 0
          </li>
        </ul>
      </div>
      <button
        class="css-12xaduv-FormButton-PlayerContainer eqsv5tc0"
        type="button"
      >
        Выйти
      </button>
    </div>
  </form>
</DocumentFragment>
`;
