// Jest Snapshot v1, https://goo.gl/fbAQLP

exports[`PlayerContainer tests should render PlayerContainer 1`] = `
<DocumentFragment>
  <form
    class="css-ixoyv7-FormElement-PlayerContainer e1dt6zfi0"
  >
    <div
      class="css-1mkqqr3-FormField-PlayerContainer eybdsu10"
    >
      <h1
        class="player-name"
      >
        Ivan
      </h1>
      <div
        class="player-stats-container"
      >
        <h2>
          Статистика
        </h2>
        <ul>
          <li>
            Очки: 0
          </li>
          <li>
            Количество кликов: 0
          </li>
        </ul>
      </div>
      <button
        class="css-rsh0un-FormButton-PlayerContainer e2n0d7s0"
        type="button"
      >
        Выйти
      </button>
    </div>
  </form>
</DocumentFragment>
`;
