// Jest Snapshot v1, https://goo.gl/fbAQLP

exports[`PlayerContainer tests should render PlayerContainer 1`] = `
<DocumentFragment>
  .emotion-0 {
  display: -webkit-box;
  display: -webkit-flex;
  display: -ms-flexbox;
  display: flex;
  -webkit-flex-direction: column;
  -ms-flex-direction: column;
  flex-direction: column;
  border: 2px solid #6a6d75;
  border-radius: 10px;
  width: 100%;
  border: 0;
}

.emotion-0 input,
.emotion-0 label,
.emotion-0 p {
  line-height: 1;
}

.emotion-0.game-settings-form .field-error-msg {
  background: #e8d5f0;
}

.emotion-2 {
  display: -webkit-inline-box;
  display: -webkit-inline-flex;
  display: -ms-inline-flexbox;
  display: inline-flex;
  -webkit-flex-direction: column;
  -ms-flex-direction: column;
  flex-direction: column;
  margin: 20px;
  display: inline-block;
  margin: 0;
}

@media (min-width: 576px) {
  .emotion-2 {
    -webkit-flex: 1;
    -ms-flex: 1;
    flex: 1;
  }
}

.emotion-2 input {
  margin: 5px 0 0 0;
}

.emotion-2 input,
.emotion-2 button {
  min-width: 100px;
}

.emotion-2 h1.player-name {
  font-size: 1.2rem;
  font-weight: bold;
  margin: 0;
  border-bottom: 2px solid rgb(255, 33, 92);
}

.emotion-2 div.player-stats-container {
  margin: 20px 0;
}

.emotion-2 li {
  margin: 10px 0 10px 20px;
}

.emotion-4 {
  position: relative;
  overflow: hidden;
  background: inherit;
  line-height: 1.5;
  cursor: pointer;
  border-radius: 1.5rem;
  border: 2px solid #6a6d75;
  padding: 0.4rem 1.8rem;
  text-align: center;
}

.emotion-4 span {
  display: block;
  position: absolute;
}

.emotion-4 .ripple {
  -webkit-animation: ripple 400ms linear;
  animation: ripple 400ms linear;
  background: #E59FB1;
  border-radius: 50%;
}

<form
    class="emotion-0 emotion-1"
  >
    <div
      class="emotion-2 emotion-3"
    >
      <h1
        class="player-name"
      >
        Ivan
      </h1>
      <div
        class="player-stats-container"
      />
      <button
        class="emotion-4 emotion-5"
        type="button"
      >
        <span />
        Выйти
      </button>
    </div>
  </form>
</DocumentFragment>
`;
