// Jest Snapshot v1, https://goo.gl/fbAQLP

exports[`FieldCapacity tests should render capacity input 1`] = `
<DocumentFragment>
  <div
    class="css-w6s8l8-FormField e1jhpckf0"
  >
    <label
      class="css-m0dhjx-LabelField e16iqet90"
      for="capacity-percentage"
    >
      Процент заполненности:
    </label>
    <p>
      50 %
    </p>
    <input
      autocomplete="off"
      class="css-1qphvf3-InputField-InputFieldCapacity e1ec6q4r0"
      id="capacity-percentage"
      max="100"
      min="0"
      name="capacityPercentage"
      step="1"
      type="range"
      value="50"
    />
  </div>
</DocumentFragment>
`;
