// Jest Snapshot v1, https://goo.gl/fbAQLP

exports[`index tests should render App 1`] = `
<DocumentFragment>
  <div
    class="css-1vs2kp6-AppBox e1jcdcce0"
    data-testid="react-lifecycle"
  >
    <div
      class="css-7k7ujw-Container e10hc7kb2"
    >
      <div
        class="css-ot3r3v-ColumnContainer e10hc7kb1"
      >
        <h1>
          Правила
        </h1>
      </div>
      <div
        class="css-mo365u-ColumnContainer-RegistrationContainer e10hc7kb0"
      >
        <h1
          class="game-name"
        >
          Conway's 
          <span
            class="css-1c1fj8c-RegistrationScreen"
          >
            Game of Life
          </span>
        </h1>
        <form
          class="css-t1nzhx-FormElement-PlayerRegistrationForm e13yua9l0"
        >
          <div
            class="css-1kwn5te-FormField-PlayerRegistrationForm e1jhpckf0"
          >
            <div
              class="css-1hui9kv-PlayerRegistrationForm"
            >
              <label
                class="css-m0dhjx-LabelField e16iqet90"
                for="register-player-input"
              >
                Введите имя игрока
              </label>
              <input
                class="css-gtg0cp-InputField-PlayerRegistrationForm el9r7ir0"
                id="register-player-input"
                name="playerName"
                value=""
              />
            </div>
            <button
              class="css-1vcab0e-FormButton-PlayerRegistrationForm eqsv5tc0"
              name="startGameAsPlayer"
              type="button"
            >
              Начать игру
            </button>
          </div>
        </form>
      </div>
    </div>
  </div>
</DocumentFragment>
`;
