// Jest Snapshot v1, https://goo.gl/fbAQLP

exports[`PlayerRegistrationForm tests should render player registration form 1`] = `
<DocumentFragment>
  .emotion-0 {
  display: -webkit-box;
  display: -webkit-flex;
  display: -ms-flexbox;
  display: flex;
  -webkit-flex-direction: column;
  -ms-flex-direction: column;
  flex-direction: column;
  border: 2px solid #6a6d75;
  border-radius: 10px;
  width: 100%;
  max-width: 600px;
  -webkit-flex-direction: row;
  -ms-flex-direction: row;
  flex-direction: row;
  font-size: 1.2rem;
  margin: 0 0 20px 0;
}

.emotion-0 input,
.emotion-0 label,
.emotion-0 p {
  line-height: 1;
}

.emotion-0.game-settings-form .field-error-msg {
  background: #e8d5f0;
}

@media screen and (max-width: 480px) {
  .emotion-0 {
    -webkit-flex-direction: column-reverse;
    -ms-flex-direction: column-reverse;
    flex-direction: column-reverse;
  }
}

.emotion-2 {
  display: -webkit-inline-box;
  display: -webkit-inline-flex;
  display: -ms-inline-flexbox;
  display: inline-flex;
  -webkit-flex-direction: column;
  -ms-flex-direction: column;
  flex-direction: column;
  -webkit-flex: 0 0 calc(100% / 3 - 40px);
  -ms-flex: 0 0 calc(100% / 3 - 40px);
  flex: 0 0 calc(100% / 3 - 40px);
  margin: 20px;
  -webkit-box-pack: end;
  -ms-flex-pack: end;
  -webkit-justify-content: end;
  justify-content: end;
  display: -webkit-box;
  display: -webkit-flex;
  display: -ms-flexbox;
  display: flex;
  -webkit-box-flex: 10;
  -webkit-flex-grow: 10;
  -ms-flex-positive: 10;
  flex-grow: 10;
}

.emotion-2 input,
.emotion-2 button {
  margin: 5px 0 0 0;
  min-width: 100px;
}

.emotion-4 {
  margin-bottom: 20px;
}

.emotion-5 {
  display: inline;
}

.emotion-7 {
  background: inherit;
  border: 0;
  border-bottom: 2px solid;
  border-color: #6a6d75;
  display: block;
  outline: 0;
  width: 100px;
  width: 100%;
}

.emotion-7:focus {
  border-bottom: 2px solid rgb(255, 33, 92);
}

.emotion-9 {
  background: inherit;
  margin: 20px auto;
  border-color: #6a6d75;
  line-height: 1.5;
  margin-right: auto!important;
}

.emotion-9:focus {
  outline: 2px solid rgb(255, 33, 92)!important;
  border: 2px solid transparent;
}

.emotion-11 {
  -webkit-box-flex: 1;
  -webkit-flex-grow: 1;
  -ms-flex-positive: 1;
  flex-grow: 1;
  text-align: right;
}

@media screen and (max-width: 480px) {
  .emotion-11 {
    text-align: left;
  }
}

.emotion-13 {
  color: rgb(255, 33, 92);
  visibility: hidden;
  margin: 20px 20px 0 20px;
}

@media screen and (max-width: 480px) {
  .emotion-13 {
    display: none;
  }
}

<form
    class="emotion-0 emotion-1"
  >
    <div
      class="emotion-2 emotion-3"
    >
      <div
        class="emotion-4"
      >
        <label
          class="emotion-5 emotion-6"
          for="register-player-input"
        >
          Введите имя игрока
        </label>
        <input
          autocomplete="off"
          class="emotion-7 emotion-8"
          id="register-player-input"
          name="playerName"
          value=""
        />
      </div>
      <button
        class="emotion-9 emotion-10"
        name="startGameAsPlayer"
        type="button"
      >
        Начать игру
      </button>
    </div>
    <div
      class="emotion-11 emotion-12"
    >
      <div
        class="emotion-13 spinner-border"
        role="status"
      />
    </div>
  </form>
</DocumentFragment>
`;
